[backblue.gif]
[fade.gif]
[index.html]
[kohette.com/wpthemes/narratium/comments/feed/index.html]
[kohette.com/wpthemes/narratium/feed/index.html]
[kohette.com/wpthemes/narratium/wp-includes/js/jquery/jquery.minaf6c.js]
[kohette.com/wpthemes/narratium/wp-includes/js/jquery/jquery-migrate.mind617.js]
[kohette.com/wpthemes/narratium/xmlrpc0db0.php]
[kohette.com/wpthemes/narratium/wp-json/index.html]
[kohette.com/wpthemes/narratium/wp-content/uploads/2021/01/Logo-80.png]
[kohette.com/wpthemes/narratium/wp-content/uploads/2020/12/fourreau_verdon07-201x300.jpg]
[kohette.com/wpthemes/narratium/wp-content/uploads/2020/12/fourreau_verdon07-685x1024.jpg]
[kohette.com/wpthemes/narratium/wp-content/uploads/2021/01/Logo-big-white-transparent.png]
[kohette.com/wpthemes/narratium/wp-content/themes/narratium/assets/js/ktt-backgroundy41a3.js]
[kohette.com/wpthemes/narratium/wp-content/themes/narratium/assets/js/angular.min41a3.js]
[kohette.com/wpthemes/narratium/wp-content/themes/narratium/assets/js/angular-animate.min41a3.js]
[kohette.com/wpthemes/narratium/wp-content/themes/narratium/assets/js/angular-aria.min41a3.js]
[kohette.com/wpthemes/narratium/wp-content/themes/narratium/assets/js/angular-material.min41a3.js]
[kohette.com/wpthemes/narratium/wp-content/themes/narratium/assets/js/main-app41a3.js]
[kohette.com/wpthemes/narratium/wp-content/themes/narratium/theme-features/site-ajax-animations/src/js/snap.svg-min41a3.js]
[kohette.com/wpthemes/narratium/wp-content/themes/narratium/theme-features/site-ajax-animations/src/js/svgLoader41a3.js]
[kohette.com/wpthemes/narratium/wp-includes/js/wp-embed.min41a3.js]
[kohette.com/wpthemes/narratium/index.html]
[kohette.com/wpthemes/narratium/wp-content/themes/narratium/assets/stylesheets/angular-material.min41a3.css]
[kohette.com/wpthemes/narratium/wp-content/themes/narratium/assets/stylesheets/base41a3.css]
[kohette.com/wpthemes/narratium/wp-content/themes/narratium/assets/fonts/iconsbaf5.woff]
[kohette.com/wpthemes/narratium/wp-content/themes/narratium/assets/stylesheets/icons41a3.css]
[kohette.com/wpthemes/narratium/wp-content/themes/narratium/theme-features/site-ajax-animations/src/css/ajax-transitions-base41a3.css]
[kohette.com/wpthemes/narratium/wp-content/themes/narratium/assets/stylesheets/template-grid41a3.css]
[kohette.com/wpthemes/narratium/wp-includes/css/dist/block-library/style.min41a3.css]
[kohette.com/wpthemes/narratium/wp-includes/wlwmanifest.xml]
[kohette.com/wpthemes/narratium/wp-json/wp/v2/pages/201.json]
[kohette.com/wpthemes/narratium/wp-json/oembed/1.0/embed7ccf.json]
[kohette.com/wpthemes/narratium/wp-json/oembed/1.0/embed1836]
[kohette.com/wpthemes/narratium/wp-includes/js/comment-reply.min41a3.js]
[kohette.com/wpthemes/narratium/features-overview/index.html]
[kohette.com/wpthemes/narratium/wp-json/wp/v2/pages/135.json]
[kohette.com/wpthemes/narratium/wp-json/oembed/1.0/embedbc7a.json]
[kohette.com/wpthemes/narratium/wp-json/oembed/1.0/embedb9f9]
[kohette.com/wpthemes/narratium/docs/theme-features/extended-template-system/index.html]
[kohette.com/wpthemes/narratium/category/philosophy/feed/index.html]
[kohette.com/wpthemes/narratium/wp-json/wp/v2/categories/8.json]
[kohette.com/wpthemes/narratium/wp-content/uploads/2020/12/Hilda_troll_PB_Bedroom_CP-300x207.jpg]
[kohette.com/wpthemes/narratium/wp-content/uploads/2020/12/Hilda_troll_PB_Bedroom_CP-1024x707.jpg]
[kohette.com/wpthemes/narratium/wp-content/uploads/2020/12/Victo-Ngai-17.jpg]
[kohette.com/wpthemes/narratium/wp-content/uploads/2020/12/tumblr_mz24i9f8cj1r2uzyoo2_1280.png]
[kohette.com/wpthemes/narratium/wp-content/uploads/2020/12/Victo-Ngai-772x1024.jpg]
[kohette.com/wpthemes/narratium/wp-content/uploads/2020/12/5308e143725061.57fa9cc9e3062.jpg]
[kohette.com/wpthemes/narratium/wp-content/uploads/2020/12/tumblr_n8d2lpD4S91qhttpto1_1280-512x1024.jpg]
[kohette.com/wpthemes/narratium/wp-content/uploads/2020/12/tumblr_mz24i9f8cj1r2uzyoo5_1280-498x1024.jpg]
[kohette.com/wpthemes/narratium/wp-content/uploads/2020/12/wrenmcdonald07.jpg]
[kohette.com/wpthemes/narratium/category/philosophy/index.html]
[kohette.com/wpthemes/narratium/wp-json/wp/v2/categories/4.json]
[kohette.com/wpthemes/narratium/category/internet/index.html]
[kohette.com/wpthemes/narratium/category/internet/feed/index.html]
[kohette.com/wpthemes/narratium/i-skyped-jacques-cousteaus-grandson-on-the-bottom-of-the-ocean/feed/index.html]
[kohette.com/wpthemes/narratium/wp-json/wp/v2/posts/86.json]
[kohette.com/wpthemes/narratium/wp-json/oembed/1.0/embed116a.json]
[kohette.com/wpthemes/narratium/wp-json/oembed/1.0/embed9674]
[kohette.com/wpthemes/narratium/wp-content/uploads/2017/10/daniel-kuruvilla-409976-unsplash-1024x767.jpg]
[kohette.com/wpthemes/narratium/wp-content/uploads/2017/10/jonathan-smith-142027-unsplash-scaled.jpg]
[kohette.com/wpthemes/narratium/wp-content/uploads/2017/10/kalen-emsley-100223-1024x683.jpg]
[kohette.com/wpthemes/narratium/i-skyped-jacques-cousteaus-grandson-on-the-bottom-of-the-ocean/index.html]
[kohette.com/wpthemes/narratium/wp-json/wp/v2/categories/12.json]
[kohette.com/wpthemes/narratium/wp-content/uploads/2020/12/tumblr_mafx8oesiy1qhttpto2_1280-210x300.jpg]
[kohette.com/wpthemes/narratium/category/technology/feed/index.html]
[kohette.com/wpthemes/narratium/wp-content/uploads/2020/12/tumblr_mafx8oesiy1qhttpto2_1280-717x1024.jpg]
[kohette.com/wpthemes/narratium/category/technology/index.html]
[kohette.com/wpthemes/narratium/wp-json/wp/v2/categories/10.json]
[kohette.com/wpthemes/narratium/wp-content/uploads/2020/12/Victo-Ngai-17-231x300.jpg]
[kohette.com/wpthemes/narratium/category/science/index.html]
[kohette.com/wpthemes/narratium/category/science/feed/index.html]
[kohette.com/wpthemes/narratium/wp-json/wp/v2/users/1.json]
[kohette.com/wpthemes/narratium/author/kohette/feed/index.html]
[kohette.com/wpthemes/narratium/wp-content/uploads/2017/10/greg-rakozy-53292-300x155.jpg]
[kohette.com/wpthemes/narratium/wp-content/uploads/2017/10/greg-rakozy-53292-1024x530.jpg]
[kohette.com/wpthemes/narratium/wp-content/uploads/2020/12/bosma_hazardous_waters-665x1024.jpg]
[kohette.com/wpthemes/narratium/wp-content/uploads/2020/12/Bosma_gatherers-787x1024.jpg]
[kohette.com/wpthemes/narratium/wp-content/uploads/2020/12/tumblr_nwc3zjIJ3o1smn4pqo9_r1_1280-1024x574.png]
[kohette.com/wpthemes/narratium/wp-content/uploads/2020/12/shadow_of_the_colossus_by_gokammy.jpg]
[kohette.com/wpthemes/narratium/author/kohette/index.html]
[kohette.com/wpthemes/narratium/wp-json/wp/v2/users/3.json]
[kohette.com/wpthemes/narratium/author/tatum33/feed/index.html]
[kohette.com/wpthemes/narratium/wp-content/uploads/2017/10/lance-asper-153771-unsplash-300x169.jpg]
[kohette.com/wpthemes/narratium/wp-content/uploads/2017/10/lance-asper-153771-unsplash-1024x576.jpg]
[kohette.com/wpthemes/narratium/wp-content/uploads/2014/07/timothy-paul-smith-181500-150x150.jpg]
[kohette.com/wpthemes/narratium/author/tatum33/index.html]
[kohette.com/wpthemes/narratium/wp-json/wp/v2/pages/129.json]
[kohette.com/wpthemes/narratium/wp-json/oembed/1.0/embeda70e.json]
[kohette.com/wpthemes/narratium/wp-json/oembed/1.0/embedb3e0]
[kohette.com/wpthemes/narratium/docs/index.html]
[kohette.com/wpthemes/narratium/wp-json/wp/v2/posts/715.json]
[kohette.com/wpthemes/narratium/wp-json/oembed/1.0/embed7846.json]
[kohette.com/wpthemes/narratium/wp-json/oembed/1.0/embed73be]
[kohette.com/wpthemes/narratium/physicists-nail-down-the-magic-number-that-shapes-the-universe/feed/index.html]
[kohette.com/wpthemes/narratium/wp-content/uploads/2020/12/bosma_hazardous_waters-195x300.jpg]
[kohette.com/wpthemes/narratium/wp-content/uploads/2014/07/christopher-campbell-28567-1024x683.jpg]
[kohette.com/wpthemes/narratium/wp-content/uploads/2017/10/greg-rakozy-53292-scaled.jpg]
[kohette.com/wpthemes/narratium/physicists-nail-down-the-magic-number-that-shapes-the-universe/index.html]
[kohette.com/wpthemes/narratium/how-dreams-of-spacefaring-zombies-led-to-the-launch-of-sputnik/feed/index.html]
[kohette.com/wpthemes/narratium/wp-json/wp/v2/posts/112.json]
[kohette.com/wpthemes/narratium/wp-json/oembed/1.0/embed8260.json]
[kohette.com/wpthemes/narratium/wp-json/oembed/1.0/embed958e]
[kohette.com/wpthemes/narratium/wp-content/uploads/2020/12/Bosma_gatherers-231x300.jpg]
[kohette.com/wpthemes/narratium/wp-content/uploads/2017/10/nicola-gypsicola-73977-unsplash-500x500.jpg]
[kohette.com/wpthemes/narratium/wp-content/uploads/2017/10/meric-dagli-504235-unsplash-500x500.jpg]
[kohette.com/wpthemes/narratium/wp-content/uploads/2017/10/hanson-lu-553818-unsplash-500x500.jpg]
[kohette.com/wpthemes/narratium/wp-content/uploads/2017/10/albert-dera-404331-683x1024.jpg]
[kohette.com/wpthemes/narratium/wp-content/uploads/2020/12/bosma_hazardous_waters-500x500.jpg]
[kohette.com/wpthemes/narratium/wp-content/uploads/2020/12/Bosma_gatherers-500x500.jpg]
[kohette.com/wpthemes/narratium/how-dreams-of-spacefaring-zombies-led-to-the-launch-of-sputnik/index.html]
[kohette.com/wpthemes/narratium/wp-json/wp/v2/posts/108.json]
[kohette.com/wpthemes/narratium/algorithms-supercharged-gerrymandering-we-should-use-them-to-fix-it/feed/index.html]
[kohette.com/wpthemes/narratium/wp-json/oembed/1.0/embeda99c.json]
[kohette.com/wpthemes/narratium/wp-json/oembed/1.0/embed5ac5]
[kohette.com/wpthemes/narratium/wp-content/uploads/2017/10/sam-wheeler-37730-500x500.jpg]
[kohette.com/wpthemes/narratium/wp-content/uploads/2017/10/matt-heaton-96045-500x500.jpg]
[kohette.com/wpthemes/narratium/wp-content/uploads/2017/10/christoffer-engstrom-26542-500x500.jpg]
[kohette.com/wpthemes/narratium/wp-content/uploads/2017/10/christoffer-engstrom-26537-500x500.jpg]
[kohette.com/wpthemes/narratium/algorithms-supercharged-gerrymandering-we-should-use-them-to-fix-it/index.html]
[video-images.vice.com/_uncategorized/1507057131533-ele.png]
[kohette.com/wpthemes/narratium/wp-json/wp/v2/posts/102.json]
[kohette.com/wpthemes/narratium/5-years-cruising-the-world-they-still-living-the-dream/feed/index.html]
[kohette.com/wpthemes/narratium/wp-json/oembed/1.0/embed2763.json]
[kohette.com/wpthemes/narratium/wp-json/oembed/1.0/embedf85e]
[kohette.com/wpthemes/narratium/wp-content/uploads/2017/10/daniel-kuruvilla-409976-unsplash-scaled.jpg]
[kohette.com/wpthemes/narratium/wp-content/uploads/2014/07/jeremy-cai-14223-1024x685.jpg]
[kohette.com/wpthemes/narratium/wp-content/uploads/2017/10/lance-asper-153771-unsplash-scaled.jpg]
[kohette.com/wpthemes/narratium/wp-content/uploads/2017/10/pawel-kadysz-790-unsplash-500x500.jpg]
[kohette.com/wpthemes/narratium/wp-content/uploads/2017/10/garrett-parker-118937-unsplash-500x500.jpg]
[kohette.com/wpthemes/narratium/wp-content/uploads/2014/07/christopher-campbell-28567-500x500.jpg]
[kohette.com/wpthemes/narratium/wp-content/uploads/2014/07/john-mark-arnold-42898-500x500.jpg]
[kohette.com/wpthemes/narratium/5-years-cruising-the-world-they-still-living-the-dream/index.html]
[kohette.com/wpthemes/narratium/who-is-satoshi-nakamoto-the-creator-of-bitcoin/feed/index.html]
[kohette.com/wpthemes/narratium/wp-json/wp/v2/posts/99.json]
[kohette.com/wpthemes/narratium/wp-json/oembed/1.0/embed05d4.json]
[kohette.com/wpthemes/narratium/wp-json/oembed/1.0/embed9bd1]
[kohette.com/wpthemes/narratium/wp-content/uploads/2020/12/bosma_cloud_computing-190x300.png]
[kohette.com/wpthemes/narratium/wp-content/uploads/2020/12/bosma_cloud_computing.png]
[kohette.com/wpthemes/narratium/wp-content/uploads/2020/12/e43df6bd0d8e4d147b11f0b373e5c41d-1024x640.png]
[kohette.com/wpthemes/narratium/who-is-satoshi-nakamoto-the-creator-of-bitcoin/index.html]
[kohette.com/wpthemes/narratium/wp-content/uploads/2020/12/70485899092dd1ccb6ce6f3c2cf0addd-174x300.jpg]
[kohette.com/wpthemes/narratium/wp-content/uploads/2020/12/70485899092dd1ccb6ce6f3c2cf0addd.jpg]
[kohette.com/wpthemes/narratium/page/2/index.html]
[kohette.com/wpthemes/narratium/wp-json/wp/v2/users/5.json]
[kohette.com/wpthemes/narratium/wp-content/uploads/2020/12/tumblr_mz24i9f8cj1r2uzyoo5_1280-146x300.jpg]
[kohette.com/wpthemes/narratium/author/lockman-caleb/index.html]
[kohette.com/wpthemes/narratium/author/lockman-caleb/feed/index.html]
[kohette.com/wpthemes/narratium/wp-json/wp/v2/users/7.json]
[kohette.com/wpthemes/narratium/author/lonnie11/index.html]
[kohette.com/wpthemes/narratium/author/lonnie11/feed/index.html]
[kohette.com/wpthemes/narratium/wp-json/wp/v2/users/2.json]
[kohette.com/wpthemes/narratium/wp-content/uploads/2020/12/Bablet-Slide-300x173.jpg]
[kohette.com/wpthemes/narratium/author/tobin88/feed/index.html]
[kohette.com/wpthemes/narratium/wp-content/uploads/2020/12/Bablet-Slide-1024x591.jpg]
[kohette.com/wpthemes/narratium/author/tobin88/index.html]
[kohette.com/wpthemes/narratium/wp-json/wp/v2/users/8.json]
[kohette.com/wpthemes/narratium/author/elliott80/index.html]
[kohette.com/wpthemes/narratium/author/elliott80/feed/index.html]
[kohette.com/wpthemes/narratium/wp-json/wp/v2/posts/96.json]
[kohette.com/wpthemes/narratium/how-humans-will-respond-to-immortality-an-interview-with-philosopher-john-fischer/feed/index.html]
[kohette.com/wpthemes/narratium/wp-json/oembed/1.0/embed9225.json]
[kohette.com/wpthemes/narratium/wp-json/oembed/1.0/embed80ed]
[kohette.com/wpthemes/narratium/wp-content/uploads/2020/12/Victo-Ngai-226x300.jpg]
[kohette.com/wpthemes/narratium/wp-content/uploads/2020/12/Victo-Ngai.jpg]
[kohette.com/wpthemes/narratium/how-humans-will-respond-to-immortality-an-interview-with-philosopher-john-fischer/index.html]
[kohette.com/wpthemes/narratium/wp-json/wp/v2/posts/93.json]
[kohette.com/wpthemes/narratium/the-nations-guaranteed-to-be-swallowed-by-the-sea/feed/index.html]
[kohette.com/wpthemes/narratium/wp-json/oembed/1.0/embed5222.json]
[kohette.com/wpthemes/narratium/wp-json/oembed/1.0/embeddf78]
[kohette.com/wpthemes/narratium/the-nations-guaranteed-to-be-swallowed-by-the-sea/index.html]
[kohette.com/wpthemes/narratium/wp-json/wp/v2/posts/90.json]
[kohette.com/wpthemes/narratium/meet-aubrey-de-grey-the-researcher-who-wants-to-cure-old-age/feed/index.html]
[kohette.com/wpthemes/narratium/wp-json/oembed/1.0/embedb6fa.json]
[kohette.com/wpthemes/narratium/wp-json/oembed/1.0/embed0565]
[kohette.com/wpthemes/narratium/wp-content/uploads/2020/12/5308e143725061.57fa9cc9e3062-242x300.jpg]
[kohette.com/wpthemes/narratium/meet-aubrey-de-grey-the-researcher-who-wants-to-cure-old-age/index.html]
[kohette.com/wpthemes/narratium/wp-json/wp/v2/users/6.json]
[kohette.com/wpthemes/narratium/author/rogahn-laila/index.html]
[kohette.com/wpthemes/narratium/author/rogahn-laila/feed/index.html]
[kohette.com/wpthemes/narratium/wp-json/wp/v2/posts/83.json]
[kohette.com/wpthemes/narratium/haunted-by-his-brother-he-revolutionized-physics/feed/index.html]
[kohette.com/wpthemes/narratium/wp-json/oembed/1.0/embed1c06.json]
[kohette.com/wpthemes/narratium/wp-json/oembed/1.0/embed8722]
[kohette.com/wpthemes/narratium/haunted-by-his-brother-he-revolutionized-physics/index.html]
[kohette.com/wpthemes/narratium/wp-json/wp/v2/users/4.json]
[kohette.com/wpthemes/narratium/wp-content/uploads/2020/12/tumblr_n8d2lpD4S91qhttpto1_1280-150x300.jpg]
[kohette.com/wpthemes/narratium/author/mkuhic/index.html]
[kohette.com/wpthemes/narratium/wp-content/themes/narratium/assets/fonts/iconsbaf5.eot]
[kohette.com/wpthemes/narratium/author/mkuhic/feed/index.html]
[kohette.com/wpthemes/narratium/wp-content/themes/narratium/assets/fonts/iconsbaf5.ttf]
[kohette.com/wpthemes/narratium/wp-content/themes/narratium/assets/stylesheets/template-single41a3.css]
[kohette.com/wpthemes/narratium/index5721.html]
[kohette.com/wpthemes/narratium/wp-content/uploads/2017/10/Captura-de-pantalla-2017-10-12-a-las-12.58.38.png]
[kohette.com/wpthemes/narratium/wp-content/uploads/2017/10/Captura-de-pantalla-2017-10-12-a-las-12.58.51.png]
[kohette.com/wpthemes/narratium/wp-content/uploads/2017/10/Captura-de-pantalla-2017-10-12-a-las-12.59.12.png]
[kohette.com/wpthemes/narratium/wp-json/wp/v2/pages/137.json]
[kohette.com/wpthemes/narratium/wp-json/oembed/1.0/embed31f8.json]
[kohette.com/wpthemes/narratium/wp-json/oembed/1.0/embede9fb]
[kohette.com/wpthemes/narratium/docs/theme-features/color-schemes/index.html]
[kohette.com/wpthemes/narratium/wp-content/uploads/2017/10/Captura-de-pantalla-2017-10-12-a-las-13.09.06.png]
[kohette.com/wpthemes/literatum/indexc925.html]
[kohette.com/wpthemes/narratium/wp-content/uploads/2017/10/10.png]
[kohette.com/wpthemes/narratium/wp-content/uploads/2017/10/14.png]
[kohette.com/wpthemes/narratium/wp-content/uploads/2017/10/5.png]
[kohette.com/wpthemes/narratium/wp-content/uploads/2017/10/3.png]
[kohette.com/wpthemes/narratium/wp-content/uploads/2017/10/4.png]
[kohette.com/wpthemes/narratium/wp-content/uploads/2017/10/1.jpg]
[kohette.com/wpthemes/narratium/wp-content/uploads/2017/10/16-e1508315774665.png]
[kohette.com/wpthemes/narratium/wp-content/uploads/2017/10/19.png]
[kohette.com/wpthemes/narratium/wp-content/uploads/2017/10/18.png]
[kohette.com/wpthemes/narratium/wp-content/uploads/2017/10/12.png]
[kohette.com/wpthemes/narratium/wp-content/uploads/2017/10/15.png]
[kohette.com/wpthemes/narratium/wp-content/uploads/2017/10/11.png]
[kohette.com/wpthemes/narratium/index86fa.html]
[kohette.com/wpthemes/narratium/wp-json/wp/v2/pages/133.json]
[kohette.com/wpthemes/narratium/wp-json/oembed/1.0/embedbf79.json]
[kohette.com/wpthemes/narratium/wp-json/oembed/1.0/embed5a4b]
[kohette.com/wpthemes/narratium/docs/theme-features/index.html]
[kohette.com/wpthemes/narratium/wp-json/wp/v2/categories/3.json]
[kohette.com/wpthemes/narratium/category/hacking/index.html]
[kohette.com/wpthemes/narratium/category/hacking/feed/index.html]
[kohette.com/wpthemes/narratium/wp-json/wp/v2/categories/13.json]
[kohette.com/wpthemes/narratium/category/travel/feed/index.html]
[kohette.com/wpthemes/narratium/wp-content/uploads/2020/12/tumblr_mz24i9f8cj1r2uzyoo2_1280-225x300.png]
[kohette.com/wpthemes/narratium/category/travel/index.html]
[kohette.com/wpthemes/narratium/wp-json/wp/v2/posts/79.json]
[kohette.com/wpthemes/narratium/the-arctic-seed-vault-puts-apocalyptic-talk-of-climate-change-in-perspective/feed/index.html]
[kohette.com/wpthemes/narratium/wp-json/oembed/1.0/embed4be0.json]
[kohette.com/wpthemes/narratium/wp-json/oembed/1.0/embed175d]
[kohette.com/wpthemes/narratium/wp-content/uploads/2017/10/kristof-vizy-98603-scaled.jpg]
[kohette.com/wpthemes/narratium/the-arctic-seed-vault-puts-apocalyptic-talk-of-climate-change-in-perspective/index.html]
[kohette.com/wpthemes/narratium/author/fbartell/index.html]
[kohette.com/wpthemes/narratium/author/fbartell/feed/index.html]
[kohette.com/wpthemes/narratium/wp-json/wp/v2/posts/75.json]
[kohette.com/wpthemes/narratium/floating-utopias-for-the-age-of-rising-seas/feed/index.html]
[kohette.com/wpthemes/narratium/wp-json/oembed/1.0/embed2dc2.json]
[kohette.com/wpthemes/narratium/wp-json/oembed/1.0/embedfa80]
[kohette.com/wpthemes/narratium/wp-content/uploads/2020/12/wrenmcdonald07-242x300.jpg]
[kohette.com/wpthemes/narratium/wp-content/uploads/2017/10/geran-de-klerk-307491-unsplash-scaled.jpg]
[kohette.com/wpthemes/narratium/wp-content/uploads/2017/10/sam-wheeler-37730-scaled.jpg]
[kohette.com/wpthemes/narratium/wp-content/uploads/2017/10/sam-wheeler-37730-678x1024.jpg]
[kohette.com/wpthemes/narratium/wp-content/uploads/2017/10/garrett-parker-118937-unsplash-1024x683.jpg]
[kohette.com/wpthemes/narratium/floating-utopias-for-the-age-of-rising-seas/index.html]
[kohette.com/wpthemes/narratium/wp-content/themes/narratium/assets/js/salvattore.min.js]
[kohette.com/wpthemes/narratium/wp-json/wp/v2/posts/46.json]
[kohette.com/wpthemes/narratium/the-strange-world-of-internet-role-play-has-gone-mainstream/feed/index.html]
[kohette.com/wpthemes/narratium/wp-json/oembed/1.0/embede029.json]
[kohette.com/wpthemes/narratium/wp-json/oembed/1.0/embedc842]
[kohette.com/wpthemes/narratium/wp-content/uploads/2020/12/johnny11.jpg]
[kohette.com/wpthemes/narratium/wp-content/uploads/2017/10/pawel-kadysz-790-unsplash-1024x768.jpg]
[kohette.com/wpthemes/narratium/wp-includes/js/dist/vendor/regenerator-runtime.minb36a.js]
[kohette.com/wpthemes/narratium/wp-includes/js/dist/vendor/wp-polyfill.min2c7c.js]
[kohette.com/wpthemes/narratium/wp-includes/js/dist/dom-ready.min7354.js]
[kohette.com/wpthemes/narratium/wp-includes/js/dist/hooks.mine16b.js]
[kohette.com/wpthemes/narratium/wp-includes/js/dist/i18n.min71a7.js]
[kohette.com/wpthemes/narratium/wp-includes/js/dist/a11y.minac6e.js]
[kohette.com/wpthemes/narratium/wp-includes/js/wp-custom-header.min41a3.js]
[kohette.com/wpthemes/narratium/the-strange-world-of-internet-role-play-has-gone-mainstream/index.html]
[kohette.com/wpthemes/narratium/index6213.html]
[kohette.com/wpthemes/narratium/i-skyped-jacques-cousteaus-grandson-on-the-bottom-of-the-ocean/index2320.html]
[kohette.com/wpthemes/narratium/wp-json/wp/v2/posts/72.json]
[kohette.com/wpthemes/narratium/what-the-near-future-is-actually-going-to-look-like/feed/index.html]
[kohette.com/wpthemes/narratium/wp-json/oembed/1.0/embedf92d.json]
[kohette.com/wpthemes/narratium/wp-json/oembed/1.0/embed9f0a]
[kohette.com/wpthemes/narratium/wp-content/uploads/2020/12/tumblr_nwc3zjIJ3o1smn4pqo9_r1_1280-300x168.png]
[kohette.com/wpthemes/narratium/wp-content/uploads/2017/10/taylor-nicole-37744-1024x683.jpg]
[kohette.com/wpthemes/narratium/wp-content/uploads/2017/10/christoffer-engstrom-26542-1024x683.jpg]
[kohette.com/wpthemes/narratium/wp-content/uploads/2017/10/kristof-vizy-98603-1024x686.jpg]
[kohette.com/wpthemes/narratium/what-the-near-future-is-actually-going-to-look-like/index.html]
[kohette.com/wpthemes/narratium/wp-json/wp/v2/posts/53.json]
[kohette.com/wpthemes/narratium/how-lasers-radar-and-local-economies-are-helping-save-world-heritage-sites/feed/index.html]
[kohette.com/wpthemes/narratium/wp-json/oembed/1.0/embed6baf.json]
[kohette.com/wpthemes/narratium/wp-json/oembed/1.0/embed42a3]
[kohette.com/wpthemes/narratium/wp-content/uploads/2020/12/Bablet-Slide.jpg]
[kohette.com/wpthemes/narratium/wp-content/uploads/2017/10/matt-heaton-96045-scaled.jpg]
[kohette.com/wpthemes/narratium/how-lasers-radar-and-local-economies-are-helping-save-world-heritage-sites/index.html]
[kohette.com/wpthemes/narratium/wp-json/wp/v2/posts/50.json]
[kohette.com/wpthemes/narratium/black-box-software-could-be-the-future-of-cryptography/feed/index.html]
[kohette.com/wpthemes/narratium/wp-json/oembed/1.0/embed5e7e.json]
[kohette.com/wpthemes/narratium/wp-json/oembed/1.0/embeddf75]
[kohette.com/wpthemes/narratium/wp-content/uploads/2020/12/shadow_of_the_colossus_by_gokammy-200x300.jpg]
[kohette.com/wpthemes/narratium/black-box-software-could-be-the-future-of-cryptography/index.html]
[kohette.com/wpthemes/narratium/wp-json/wp/v2/posts/183.json]
[kohette.com/wpthemes/narratium/how-humans-will-respond-to-immortality-an-interview-with-philosopher-john-fischer-2/feed/index.html]
[kohette.com/wpthemes/narratium/wp-json/oembed/1.0/embedabb2.json]
[kohette.com/wpthemes/narratium/wp-json/oembed/1.0/embedcdf6]
[kohette.com/wpthemes/narratium/wp-content/uploads/2014/07/andrew-worley-299604-scaled.jpg]
[kohette.com/wpthemes/narratium/wp-content/uploads/2014/07/john-mark-arnold-42898-1024x683.jpg]
[kohette.com/wpthemes/narratium/how-humans-will-respond-to-immortality-an-interview-with-philosopher-john-fischer-2/index.html]
[kohette.com/wpthemes/narratium/category/science/page/2/index.html]
[kohette.com/wpthemes/narratium/wp-json/wp/v2/categories/7.json]
[kohette.com/wpthemes/narratium/wp-content/uploads/2020/12/Ghost_Warriors-193x300.jpg]
[kohette.com/wpthemes/narratium/category/nature/feed/index.html]
[kohette.com/wpthemes/narratium/wp-content/uploads/2020/12/Ghost_Warriors-658x1024.jpg]
[kohette.com/wpthemes/narratium/category/nature/index.html]
[kohette.com/wpthemes/narratium/wp-json/wp/v2/categories/9.json]
[kohette.com/wpthemes/narratium/category/photography/index.html]
[kohette.com/wpthemes/narratium/index1c00.html]
[kohette.com/wpthemes/narratium/category/photography/feed/index.html]
[kohette.com/wpthemes/narratium/wp-json/wp/v2/pages/165.json]
[kohette.com/wpthemes/narratium/wp-json/oembed/1.0/embed8920.json]
[kohette.com/wpthemes/narratium/wp-json/oembed/1.0/embed6379]
[kohette.com/wpthemes/narratium/docs/installation-and-first-steps/index.html]
[kohette.com/wpthemes/narratium/wp-json/wp/v2/pages/131.json]
[kohette.com/wpthemes/narratium/wp-json/oembed/1.0/embed6e1a.json]
[kohette.com/wpthemes/narratium/wp-json/oembed/1.0/embed335b]
[kohette.com/wpthemes/narratium/docs/layout-structure/index.html]
[kohette.com/wpthemes/narratium/wp-json/wp/v2/pages/141.json]
[kohette.com/wpthemes/narratium/wp-json/oembed/1.0/embedc104.json]
[kohette.com/wpthemes/narratium/wp-json/oembed/1.0/embed003b]
[kohette.com/wpthemes/narratium/docs/theme-features/ajax-navigation/index.html]
[kohette.com/wpthemes/narratium/wp-json/wp/v2/pages/163.json]
[kohette.com/wpthemes/narratium/wp-json/oembed/1.0/embed6f4b.json]
[kohette.com/wpthemes/narratium/wp-json/oembed/1.0/embedc983]
[kohette.com/wpthemes/narratium/docs/theme-features/featured-images-for-categories/index.html]
[kohette.com/wpthemes/narratium/wp-json/wp/v2/pages/162.json]
[kohette.com/wpthemes/narratium/wp-json/oembed/1.0/embed9a2e.json]
[kohette.com/wpthemes/narratium/wp-json/oembed/1.0/embed67ae]
[kohette.com/wpthemes/narratium/docs/theme-features/interview-support-shortcodes/index.html]
[kohette.com/wpthemes/narratium/wp-json/wp/v2/pages/158.json]
[kohette.com/wpthemes/narratium/wp-json/oembed/1.0/embed433d.json]
[kohette.com/wpthemes/narratium/wp-json/oembed/1.0/embed4936]
[kohette.com/wpthemes/narratium/docs/theme-features/post-co-authors/index.html]
[kohette.com/wpthemes/narratium/wp-json/wp/v2/pages/160.json]
[kohette.com/wpthemes/narratium/wp-json/oembed/1.0/embedc9e1.json]
[kohette.com/wpthemes/narratium/wp-json/oembed/1.0/embed90bb]
[kohette.com/wpthemes/narratium/docs/theme-features/posts-featured-video/index.html]
[kohette.com/wpthemes/narratium/wp-json/wp/v2/pages/161.json]
[kohette.com/wpthemes/narratium/wp-json/oembed/1.0/embed9f5d.json]
[kohette.com/wpthemes/narratium/wp-json/oembed/1.0/embed87bc]
[kohette.com/wpthemes/narratium/docs/theme-features/posts-words-counter-reading-time/index.html]
[kohette.com/wpthemes/narratium/wp-json/wp/v2/pages/139.json]
[kohette.com/wpthemes/narratium/wp-json/oembed/1.0/embed266d.json]
[kohette.com/wpthemes/narratium/wp-json/oembed/1.0/embed907d]
[kohette.com/wpthemes/narratium/docs/theme-features/site-fonts-typography/index.html]
[kohette.com/wpthemes/narratium/wp-json/wp/v2/pages/159.json]
[kohette.com/wpthemes/narratium/wp-json/oembed/1.0/embed0d02.json]
[kohette.com/wpthemes/narratium/wp-json/oembed/1.0/embedf13d]
[kohette.com/wpthemes/narratium/docs/theme-features/text-format-in-post-titles-subtitles/index.html]
[kohette.com/wpthemes/narratium/wp-json/wp/v2/pages/164.json]
[kohette.com/wpthemes/narratium/wp-json/oembed/1.0/embedf2eb.json]
[kohette.com/wpthemes/narratium/wp-json/oembed/1.0/embed75cd]
[kohette.com/wpthemes/narratium/docs/css-sass-files/index.html]
[kohette.com/wpthemes/narratium/wp-json/wp/v2/pages/166.json]
[kohette.com/wpthemes/narratium/wp-json/oembed/1.0/embedfdeb.json]
[kohette.com/wpthemes/narratium/wp-json/oembed/1.0/embed1f07]
[kohette.com/wpthemes/narratium/docs/javascript-files/index.html]
[kohette.com/wpthemes/narratium/index0c63.html]
[kohette.com/wpthemes/narratium/index8820.html]
[kohette.com/wpthemes/narratium/index460d.html]
[kohette.com/wpthemes/narratium/indexc5eb.html]
[kohette.com/wpthemes/narratium/how-dreams-of-spacefaring-zombies-led-to-the-launch-of-sputnik/pawel-kadysz-790-unsplash/feed/index.html]
[kohette.com/wpthemes/narratium/wp-json/wp/v2/media/654.json]
[kohette.com/wpthemes/narratium/wp-json/oembed/1.0/embed8422.json]
[kohette.com/wpthemes/narratium/wp-json/oembed/1.0/embede0f5]
[kohette.com/wpthemes/narratium/wp-content/uploads/2017/10/pawel-kadysz-790-unsplash-scaled.jpg]
[kohette.com/wpthemes/narratium/wp-content/uploads/2017/10/pawel-kadysz-790-unsplash-300x225.jpg]
[kohette.com/wpthemes/narratium/how-dreams-of-spacefaring-zombies-led-to-the-launch-of-sputnik/pawel-kadysz-790-unsplash/index.html]
[kohette.com/wpthemes/narratium/wp-json/wp/v2/media/650.json]
[kohette.com/wpthemes/narratium/how-dreams-of-spacefaring-zombies-led-to-the-launch-of-sputnik/garrett-parker-118937-unsplash/feed/index.html]
[kohette.com/wpthemes/narratium/wp-json/oembed/1.0/embedfe42.json]
[kohette.com/wpthemes/narratium/wp-json/oembed/1.0/embed76c9]
[kohette.com/wpthemes/narratium/wp-content/uploads/2017/10/garrett-parker-118937-unsplash-scaled.jpg]
[kohette.com/wpthemes/narratium/wp-content/uploads/2017/10/garrett-parker-118937-unsplash-300x200.jpg]
[kohette.com/wpthemes/narratium/how-dreams-of-spacefaring-zombies-led-to-the-launch-of-sputnik/garrett-parker-118937-unsplash/index.html]
[kohette.com/wpthemes/narratium/wp-json/wp/v2/media/690.json]
[kohette.com/wpthemes/narratium/how-humans-will-respond-to-immortality-an-interview-with-philosopher-john-fischer-2/christopher-campbell-28567/feed/index.html]
[kohette.com/wpthemes/narratium/wp-json/oembed/1.0/embedefff.json]
[kohette.com/wpthemes/narratium/wp-json/oembed/1.0/embedb05f]
[kohette.com/wpthemes/narratium/wp-content/uploads/2014/07/christopher-campbell-28567-scaled.jpg]
[kohette.com/wpthemes/narratium/wp-content/uploads/2014/07/christopher-campbell-28567-300x200.jpg]
[kohette.com/wpthemes/narratium/how-humans-will-respond-to-immortality-an-interview-with-philosopher-john-fischer-2/christopher-campbell-28567/index.html]
[kohette.com/wpthemes/narratium/wp-json/wp/v2/media/700.json]
[kohette.com/wpthemes/narratium/how-humans-will-respond-to-immortality-an-interview-with-philosopher-john-fischer-2/john-mark-arnold-42898/feed/index.html]
[kohette.com/wpthemes/narratium/wp-json/oembed/1.0/embed6f45.json]
[kohette.com/wpthemes/narratium/wp-json/oembed/1.0/embed0757]
[kohette.com/wpthemes/narratium/wp-content/uploads/2014/07/john-mark-arnold-42898-scaled.jpg]
[kohette.com/wpthemes/narratium/wp-content/uploads/2014/07/john-mark-arnold-42898-300x200.jpg]
[kohette.com/wpthemes/narratium/how-humans-will-respond-to-immortality-an-interview-with-philosopher-john-fischer-2/john-mark-arnold-42898/index.html]
[kohette.com/wpthemes/narratium/index5401.html]
[kohette.com/wpthemes/narratium/who-is-satoshi-nakamoto-the-creator-of-bitcoin/index2636.html]
[kohette.com/wpthemes/narratium/who-is-satoshi-nakamoto-the-creator-of-bitcoin/indexc916.html]
[kohette.com/wpthemes/narratium/who-is-satoshi-nakamoto-the-creator-of-bitcoin/indexb901.html]
[kohette.com/wpthemes/narratium/index6f72.html]
[kohette.com/wpthemes/literatum/wp-content/uploads/2014/07/A_Soul_in_Heaven_1878.jpg]
[kohette.com/wpthemes/literatum/wp-content/uploads/2014/07/Soldier_Vampire_by_Lostinfog88.jpg]
[kohette.com/wpthemes/narratium/how-humans-will-respond-to-immortality-an-interview-with-philosopher-john-fischer/index3d09.html]
[kohette.com/wpthemes/narratium/how-humans-will-respond-to-immortality-an-interview-with-philosopher-john-fischer/index61aa.html]
[kohette.com/wpthemes/narratium/index36d4.html]
[kohette.com/wpthemes/literatum/wp-content/uploads/2014/07/1401200280336425.png]
[kohette.com/wpthemes/literatum/wp-content/uploads/2014/07/140120041171591.jpg]
[kohette.com/wpthemes/literatum/wp-content/uploads/2014/07/140120041171591-2000x1539.jpg]
[kohette.com/wpthemes/literatum/wp-content/uploads/2014/07/Malé_after_tsunami_cropped.jpg]
[kohette.com/wpthemes/narratium/wp-json/wp/v2/tags/22.json]
[kohette.com/wpthemes/narratium/tag/climate-change/index.html]
[kohette.com/wpthemes/narratium/the-nations-guaranteed-to-be-swallowed-by-the-sea/indexdefb.html]
[kohette.com/wpthemes/narratium/the-nations-guaranteed-to-be-swallowed-by-the-sea/index6d69.html]
[kohette.com/wpthemes/narratium/indexeffd.html]
[kohette.com/wpthemes/literatum/wp-content/uploads/2014/07/1400841202712231.jpg]
[kohette.com/wpthemes/narratium/meet-aubrey-de-grey-the-researcher-who-wants-to-cure-old-age/index094c.html]
[kohette.com/wpthemes/narratium/meet-aubrey-de-grey-the-researcher-who-wants-to-cure-old-age/index06b6.html]
[kohette.com/wpthemes/narratium/meet-aubrey-de-grey-the-researcher-who-wants-to-cure-old-age/index7c98.html]
[kohette.com/wpthemes/narratium/index55e4.html]
[kohette.com/wpthemes/literatum/wp-content/uploads/2014/08/2289_43351f7bf9a215be70c2c2caa7555002.png]
[kohette.com/wpthemes/literatum/wp-content/uploads/2014/08/2247_df1f1d20ee86704251795841e6a9405a.png]
[kohette.com/wpthemes/narratium/haunted-by-his-brother-he-revolutionized-physics/indexf970.html]
[kohette.com/wpthemes/narratium/wp-content/themes/narratium/assets/fonts/iconsbaf5.svg]
[kohette.com/wpthemes/narratium/index60d6.html]
[kohette.com/wpthemes/narratium/wp-content/uploads/2017/10/Captura-de-pantalla-2017-10-09-a-las-15.31.28.png]
[kohette.com/wpthemes/narratium/index9c49.html]
[kohette.com/wpthemes/narratium/index6ffe.html]
[kohette.com/wpthemes/narratium/wp-json/wp/v2/users/9.json]
[kohette.com/wpthemes/narratium/indexe839.html]
[kohette.com/wpthemes/narratium/floating-utopias-for-the-age-of-rising-seas/index06ab.html]
[kohette.com/wpthemes/narratium/index7ea6.html]
[kohette.com/wpthemes/narratium/the-strange-world-of-internet-role-play-has-gone-mainstream/index0e22.html]
[kohette.com/wpthemes/narratium/tag/climate-change/feed/index.html]
[kohette.com/wpthemes/narratium/wp-content/uploads/2020/12/c24a9f61b79f4f78f54cf8584d4914de-alternative-movie-posters-tree-of-life.jpg]
[kohette.com/wpthemes/narratium/the-strange-world-of-internet-role-play-has-gone-mainstream/index3094.html]
[kohette.com/wpthemes/narratium/the-strange-world-of-internet-role-play-has-gone-mainstream/index21b4.html]
[kohette.com/wpthemes/narratium/the-strange-world-of-internet-role-play-has-gone-mainstream/index8e42.html]
[kohette.com/wpthemes/narratium/the-strange-world-of-internet-role-play-has-gone-mainstream/index267f.html]
[kohette.com/wpthemes/narratium/indexae74.html]
[kohette.com/wpthemes/narratium/what-the-near-future-is-actually-going-to-look-like/index5a86.html]
[kohette.com/wpthemes/narratium/index5fb3.html]
[kohette.com/wpthemes/narratium/how-lasers-radar-and-local-economies-are-helping-save-world-heritage-sites/index04d3.html]
[kohette.com/wpthemes/narratium/how-lasers-radar-and-local-economies-are-helping-save-world-heritage-sites/indexfa40.html]
[kohette.com/wpthemes/narratium/index6aed.html]
[kohette.com/wpthemes/narratium/black-box-software-could-be-the-future-of-cryptography/index94a5.html]
[kohette.com/wpthemes/narratium/black-box-software-could-be-the-future-of-cryptography/indexfc06.html]
[kohette.com/wpthemes/narratium/black-box-software-could-be-the-future-of-cryptography/index6944.html]
[kohette.com/wpthemes/narratium/black-box-software-could-be-the-future-of-cryptography/indexa858.html]
[kohette.com/wpthemes/narratium/indexe8f5.html]
[kohette.com/wpthemes/narratium/wp-json/wp/v2/categories/5.json]
[kohette.com/wpthemes/narratium/category/interviews/index.html]
[kohette.com/wpthemes/narratium/category/interviews/feed/index.html]
[kohette.com/wpthemes/narratium/wp-json/wp/v2/categories/6.json]
[kohette.com/wpthemes/narratium/category/lifestyle/index.html]
[kohette.com/wpthemes/narratium/category/lifestyle/feed/index.html]
[kohette.com/wpthemes/narratium/wp-json/wp/v2/tags/30.json]
[kohette.com/wpthemes/narratium/tag/inmortality/index.html]
[kohette.com/wpthemes/narratium/tag/inmortality/feed/index.html]
[kohette.com/wpthemes/narratium/wp-json/wp/v2/tags/33.json]
[kohette.com/wpthemes/narratium/tag/life/index.html]
[kohette.com/wpthemes/narratium/how-humans-will-respond-to-immortality-an-interview-with-philosopher-john-fischer-2/index954a.html]
[kohette.com/wpthemes/narratium/how-humans-will-respond-to-immortality-an-interview-with-philosopher-john-fischer-2/indexfaf1.html]
[kohette.com/wpthemes/narratium/how-humans-will-respond-to-immortality-an-interview-with-philosopher-john-fischer-2/index745d.html]
[kohette.com/wpthemes/narratium/how-humans-will-respond-to-immortality-an-interview-with-philosopher-john-fischer-2/index1dff.html]
[kohette.com/wpthemes/narratium/index17d5.html]
[kohette.com/wpthemes/narratium/indexd52d.html]
[kohette.com/wpthemes/narratium/index269b.html]
[kohette.com/wpthemes/narratium/index4034.html]
[kohette.com/wpthemes/narratium/indexbbc7.html]
[kohette.com/wpthemes/narratium/index8af0.html]
[kohette.com/wpthemes/narratium/wp-content/uploads/2017/10/Captura-de-pantalla-2017-10-09-a-las-15.35.56.png]
[kohette.com/wpthemes/narratium/wp-content/uploads/2017/10/Captura-de-pantalla-2017-10-09-a-las-15.36.15.png]
[kohette.com/wpthemes/narratium/index9c2b.html]
[kohette.com/wpthemes/narratium/index8816.html]
[kohette.com/wpthemes/narratium/indexb4d2.html]
[kohette.com/wpthemes/narratium/indexb950.html]
[kohette.com/wpthemes/narratium/index7760.html]
[kohette.com/wpthemes/narratium/index8e01.html]
[kohette.com/wpthemes/narratium/indexa818.html]
[kohette.com/wpthemes/narratium/indexf034.html]
[kohette.com/wpthemes/narratium/index77b4.html]
[kohette.com/wpthemes/narratium/index39c5.html]
[kohette.com/wpthemes/narratium/tag/life/feed/index.html]
[localhost_8888/themedev/wp-content/uploads/2018/12/brooke-cagle-39376-1024x683.jpg]
