[kohette.com/wpthemes/narratium/index.html]
[backblue.gif]
[fade.gif]
[index.html]
[kohette.com/wpthemes/narratium/wp-content/themes/narratium/assets/stylesheets/base9dff.css]
[kohette.com/wpthemes/narratium/comments/feed/index.html]
[kohette.com/wpthemes/narratium/wp-content/themes/narratium/assets/stylesheets/icons9dff.css]
[kohette.com/wpthemes/narratium/wp-content/themes/narratium/theme-features/site-ajax-animations/src/css/ajax-transitions-base9dff.css]
[kohette.com/wpthemes/narratium/wp-content/themes/narratium/assets/stylesheets/template-grid9dff.css]
[kohette.com/wpthemes/narratium/wp-includes/css/dist/block-library/style.min9dff.css]
[kohette.com/wpthemes/narratium/wp-includes/js/jquery/jquery-migrate.min330a.js]
[kohette.com/wpthemes/narratium/xmlrpc0db0.php]
[kohette.com/wpthemes/narratium/wp-includes/wlwmanifest.xml]
[kohette.com/wpthemes/narratium/wp-includes/js/jquery/jquery4a5f.js]
[kohette.com/wpthemes/narratium/wp-json/index.html]
[kohette.com/wpthemes/narratium/wp-content/uploads/2017/10/cropped-Logo-32x32.png]
[kohette.com/wpthemes/narratium/wp-content/uploads/2017/10/cropped-Logo-192x192.png]
[kohette.com/wpthemes/narratium/wp-content/uploads/2017/11/21.jpg]
[kohette.com/wpthemes/narratium/wp-content/uploads/2017/10/cropped-Logo.png]
[kohette.com/wpthemes/narratium/docs/theme-features/extended-template-system/index.html]
[kohette.com/wpthemes/narratium/category/internet/index.html]
[kohette.com/wpthemes/narratium/wp-content/uploads/2017/10/Logo-big-white-transparent.png]
[kohette.com/wpthemes/narratium/i-skyped-jacques-cousteaus-grandson-on-the-bottom-of-the-ocean/index.html]
[kohette.com/wpthemes/narratium/wp-content/themes/narratium/assets/js/ktt-backgroundy9dff.js]
[kohette.com/wpthemes/narratium/category/philosophy/index.html]
[kohette.com/wpthemes/narratium/wp-content/themes/narratium/assets/js/angular.min9dff.js]
[kohette.com/wpthemes/narratium/wp-content/themes/narratium/assets/js/angular-animate.min9dff.js]
[kohette.com/wpthemes/narratium/wp-content/themes/narratium/assets/js/angular-aria.min9dff.js]
[kohette.com/wpthemes/narratium/author/imuller/index.html]
[kohette.com/wpthemes/narratium/haunted-by-his-brother-he-revolutionized-physics/index.html]
[kohette.com/wpthemes/narratium/category/science/index.html]
[kohette.com/wpthemes/narratium/black-box-software-could-be-the-future-of-cryptography/index.html]
[kohette.com/wpthemes/narratium/page/2/index.html]
[kohette.com/wpthemes/narratium/index.html]
[kohette.com/wpthemes/narratium/author/iwintheiser/index.html]
[kohette.com/wpthemes/narratium/algorithms-supercharged-gerrymandering-we-should-use-them-to-fix-it/index.html]
[kohette.com/wpthemes/narratium/wp-content/themes/narratium/assets/stylesheets/base9dff.css]
[kohette.com/wpthemes/narratium/author/iherzog/index.html]
[kohette.com/wpthemes/narratium/author/cmitchell/index.html]
[kohette.com/wpthemes/narratium/author/frami-chauncey/index.html]
[kohette.com/wpthemes/narratium/wp-content/themes/narratium/assets/fonts/iconsbaf5.eot]
[kohette.com/wpthemes/narratium/author/flatley-kobe/index.html]
[kohette.com/wpthemes/narratium/author/lakin-salma/index.html]
[kohette.com/wpthemes/narratium/author/webster17/index.html]
[kohette.com/wpthemes/narratium/wp-content/themes/narratium/assets/stylesheets/icons9dff.css]
[kohette.com/wpthemes/narratium/the-nations-guaranteed-to-be-swallowed-by-the-sea/index.html]
[kohette.com/wpthemes/narratium/wp-content/themes/narratium/theme-features/site-ajax-animations/src/css/ajax-transitions-base9dff.css]
[kohette.com/wpthemes/narratium/author/ortiz-lauriane/index.html]
[kohette.com/wpthemes/narratium/wp-content/themes/narratium/assets/stylesheets/template-grid9dff.css]
[kohette.com/wpthemes/narratium/meet-aubrey-de-grey-the-researcher-who-wants-to-cure-old-age/index.html]
[kohette.com/wpthemes/narratium/floating-utopias-for-the-age-of-rising-seas/index.html]
[kohette.com/wpthemes/narratium/wp-includes/css/dist/block-library/style.min9dff.css]
[kohette.com/wpthemes/narratium/author/zachary-rodriguez/index.html]
[kohette.com/wpthemes/narratium/author/runolfsdottir-tillman/index.html]
[kohette.com/wpthemes/narratium/author/raymundo89/index.html]
[kohette.com/wpthemes/narratium/author/dooley-daniella/index.html]
[kohette.com/wpthemes/narratium/what-the-near-future-is-actually-going-to-look-like/index.html]
[kohette.com/wpthemes/narratium/feed/index.html]
[kohette.com/wpthemes/narratium/author/mayert-donato/index.html]
[kohette.com/wpthemes/narratium/wp-content/themes/narratium/assets/stylesheets/template-single9dff.css]
[kohette.com/wpthemes/narratium/author/rosemarie-carroll/index.html]
[kohette.com/wpthemes/narratium/wp-content/uploads/2017/10/cropped-Logo-180x180.png]
[kohette.com/wpthemes/narratium/wp-content/themes/narratium/assets/stylesheets/angular-material.min9dff.css]
[kohette.com/wpthemes/narratium/wp-json/oembed/1.0/embed5270]
[kohette.com/wpthemes/narratium/docs/theme-features/extended-template-system/index.html]
[kohette.com/wpthemes/narratium/wp-includes/js/comment-reply.min9dff.js]
[kohette.com/wpthemes/narratium/wp-content/uploads/2017/10/tumblr_mz24i9f8cj1r2uzyoo2_1280-225x300.png]
[kohette.com/wpthemes/narratium/features-overview/index.html]
[kohette.com/wpthemes/narratium/wp-content/uploads/2017/10/tumblr_mz24i9f8cj1r2uzyoo2_1280.png]
[kohette.com/wpthemes/narratium/docs/theme-features/index.html]
[kohette.com/wpthemes/narratium/wp-content/uploads/2017/10/91ae2b4a3ac2e14b021019f5595ea394-1024x662.png]
[kohette.com/wpthemes/narratium/wp-content/uploads/2017/10/tumblr_nde9puPQud1smn4pqo5_1280-1-1024x585.jpg]
[kohette.com/wpthemes/narratium/wp-content/uploads/2017/10/Bablet-Slide-1024x591.jpg]
[kohette.com/wpthemes/narratium/category/travel/index.html]
[kohette.com/wpthemes/narratium/wp-content/uploads/2017/10/tumblr_mz24i9f8cj1r2uzyoo5_1280-498x1024.jpg]
[kohette.com/wpthemes/narratium/wp-content/uploads/2017/10/c24a9f61b79f4f78f54cf8584d4914de-alternative-movie-posters-tree-of-life-683x1024.jpg]
[kohette.com/wpthemes/narratium/category/philosophy/index.html]
[kohette.com/wpthemes/narratium/category/internet/index.html]
[kohette.com/wpthemes/narratium/wp-content/themes/narratium/assets/js/salvattore.min.js]
[kohette.com/wpthemes/narratium/i-skyped-jacques-cousteaus-grandson-on-the-bottom-of-the-ocean/feed/index.html]
[kohette.com/wpthemes/narratium/wp-json/oembed/1.0/embedc895.json]
[kohette.com/wpthemes/narratium/wp-json/oembed/1.0/embed61cd]
[kohette.com/wpthemes/literatum/wp-content/uploads/2014/07/1401978985659494.jpg]
[kohette.com/wpthemes/literatum/wp-content/uploads/2014/07/1401979012228978.jpg]
[kohette.com/wpthemes/literatum/wp-content/uploads/2014/07/1401979032359575.jpg]
[kohette.com/wpthemes/narratium/wp-content/plugins/akismet/_inc/form7984.js]
[kohette.com/wpthemes/narratium/i-skyped-jacques-cousteaus-grandson-on-the-bottom-of-the-ocean/index.html]
[kohette.com/wpthemes/narratium/i-skyped-jacques-cousteaus-grandson-on-the-bottom-of-the-ocean/index7c98.html]
[kohette.com/wpthemes/narratium/wp-content/uploads/2017/10/tumblr_n57iieisJo1segk5lo1_1280-169x300.jpg]
[kohette.com/wpthemes/narratium/category/science/index.html]
[kohette.com/wpthemes/narratium/category/science/feed/index.html]
[kohette.com/wpthemes/narratium/category/technology/index.html]
[kohette.com/wpthemes/narratium/category/science/page/2/index.html]
[kohette.com/wpthemes/narratium/how-lasers-radar-and-local-economies-are-helping-save-world-heritage-sites/index.html]
[kohette.com/wpthemes/narratium/author/imuller/feed/index.html]
[kohette.com/wpthemes/narratium/wp-content/uploads/2014/07/tumblr_mm33ytwNcX1qz82two1_r2_1280-150x150.jpg]
[kohette.com/wpthemes/narratium/author/imuller/index.html]
[kohette.com/wpthemes/narratium/author/kohette/index.html]
[kohette.com/wpthemes/narratium/haunted-by-his-brother-he-revolutionized-physics/feed/index.html]
[kohette.com/wpthemes/narratium/wp-json/oembed/1.0/embed8064]
[kohette.com/wpthemes/narratium/docs/index.html]
[kohette.com/wpthemes/narratium/wp-content/uploads/2017/10/tumblr_mz24i9f8cj1r2uzyoo5_1280-146x300.jpg]
[kohette.com/wpthemes/literatum/wp-content/uploads/2014/08/2289_43351f7bf9a215be70c2c2caa7555002.png]
[kohette.com/wpthemes/narratium/haunted-by-his-brother-he-revolutionized-physics/index.html]
[kohette.com/wpthemes/narratium/black-box-software-could-be-the-future-of-cryptography/feed/index.html]
[kohette.com/wpthemes/narratium/haunted-by-his-brother-he-revolutionized-physics/index094c.html]
[kohette.com/wpthemes/narratium/wp-content/uploads/2017/10/Sims_Singelin-200x300.jpg]
[kohette.com/wpthemes/narratium/wp-content/uploads/2017/10/Sims_Singelin-683x1024.jpg]
[kohette.com/wpthemes/narratium/how-humans-will-respond-to-immortality-an-interview-with-philosopher-john-fischer-2/index.html]
[kohette.com/wpthemes/narratium/black-box-software-could-be-the-future-of-cryptography/index.html]
[kohette.com/wpthemes/narratium/black-box-software-could-be-the-future-of-cryptography/index8e42.html]
[kohette.com/wpthemes/narratium/black-box-software-could-be-the-future-of-cryptography/index6944.html]
[kohette.com/wpthemes/narratium/wp-content/uploads/2017/10/bosma_hazardous_waters-195x300.jpg]
[kohette.com/wpthemes/narratium/black-box-software-could-be-the-future-of-cryptography/indexfa40.html]
[kohette.com/wpthemes/narratium/wp-login.php]
[kohette.com/wpthemes/narratium/wp-content/uploads/2017/10/Dans_la_serre_f41g-203x300.jpg]
[kohette.com/wpthemes/narratium/wp-content/uploads/2017/10/bosma_hazardous_waters-665x1024.jpg]
[kohette.com/wpthemes/narratium/page/2/index.html]
[kohette.com/wpthemes/narratium/wp-content/uploads/2017/10/bosma_neanderthal_bus_stop_blog-300x163.png]
[kohette.com/wpthemes/narratium/black-box-software-could-be-the-future-of-cryptography/index1dff.html]
[kohette.com/wpthemes/narratium/wp-content/uploads/2017/10/bosma_neanderthal_bus_stop_blog-1024x557.png]
[kohette.com/wpthemes/narratium/author/iwintheiser/index.html]
[kohette.com/wpthemes/narratium/index7ea6.html]
[kohette.com/wpthemes/narratium/wp-json/oembed/1.0/embed6408.json]
[kohette.com/wpthemes/narratium/wp-json/oembed/1.0/embed5722]
[kohette.com/wpthemes/narratium/wp-content/uploads/2017/10/tumblr_mafx8oesiy1qhttpto2_1280-210x300.jpg]
[kohette.com/wpthemes/narratium/wp-content/uploads/2017/10/kristof-vizy-98603.jpg]
[kohette.com/wpthemes/narratium/wp-content/uploads/2017/10/paul-279366.jpg]
[kohette.com/wpthemes/narratium/wp-content/uploads/2017/10/ahmed-saffu-208365.jpg]
[video-images.vice.com/_uncategorized/1507057131533-ele.png]
[kohette.com/wpthemes/narratium/algorithms-supercharged-gerrymandering-we-should-use-them-to-fix-it/index.html]
[kohette.com/wpthemes/narratium/wp-content/uploads/2017/10/tatiana-kondratyeva-176194-300x194.jpg]
[kohette.com/wpthemes/narratium/author/iherzog/feed/index.html]
[kohette.com/wpthemes/narratium/wp-content/uploads/2017/10/tatiana-kondratyeva-176194-1024x661.jpg]
[kohette.com/wpthemes/narratium/wp-content/uploads/2017/10/tatiana-kondratyeva-176194-150x150.jpg]
[kohette.com/wpthemes/narratium/author/iherzog/index.html]
[kohette.com/wpthemes/narratium/wp-content/uploads/2017/10/Victo-Ngai-17-231x300.jpg]
[kohette.com/wpthemes/narratium/author/frami-chauncey/feed/index.html]
[kohette.com/wpthemes/narratium/wp-content/uploads/2017/10/Victo-Ngai-17-788x1024.jpg]
[kohette.com/wpthemes/narratium/author/frami-chauncey/index.html]
[kohette.com/wpthemes/narratium/5-years-cruising-the-world-they-still-living-the-dream/index.html]
[kohette.com/wpthemes/narratium/wp-content/uploads/2017/10/clfyk7fxeaa5kxp-150x150.jpg]
[kohette.com/wpthemes/narratium/author/cmitchell/feed/index.html]
[kohette.com/wpthemes/narratium/author/cmitchell/index.html]
[kohette.com/wpthemes/narratium/author/flatley-kobe/index.html]
[kohette.com/wpthemes/narratium/author/lakin-salma/index.html]
[kohette.com/wpthemes/narratium/author/flatley-kobe/feed/index.html]
[kohette.com/wpthemes/narratium/author/lakin-salma/feed/index.html]
[kohette.com/wpthemes/narratium/who-is-satoshi-nakamoto-the-creator-of-bitcoin/index.html]
[kohette.com/wpthemes/narratium/wp-content/uploads/2017/10/Ghost_Warriors-658x1024.jpg]
[kohette.com/wpthemes/narratium/author/webster17/feed/index.html]
[kohette.com/wpthemes/narratium/wp-content/uploads/2014/07/1400841202712231-150x150.jpg]
[kohette.com/wpthemes/narratium/author/webster17/index.html]
[kohette.com/wpthemes/narratium/author/ortiz-lauriane/feed/index.html]
[kohette.com/wpthemes/narratium/how-humans-will-respond-to-immortality-an-interview-with-philosopher-john-fischer/index.html]
[kohette.com/wpthemes/narratium/author/ortiz-lauriane/index.html]
[kohette.com/wpthemes/narratium/wp-json/oembed/1.0/embedc53d.json]
[kohette.com/wpthemes/narratium/the-nations-guaranteed-to-be-swallowed-by-the-sea/feed/index.html]
[kohette.com/wpthemes/narratium/wp-json/oembed/1.0/embedb52f]
[kohette.com/wpthemes/literatum/wp-content/uploads/2014/07/140120041171591.jpg]
[kohette.com/wpthemes/literatum/wp-content/uploads/2014/07/140120041171591-2000x1539.jpg]
[kohette.com/wpthemes/literatum/wp-content/uploads/2014/07/Malé_after_tsunami_cropped.jpg]
[kohette.com/wpthemes/narratium/the-nations-guaranteed-to-be-swallowed-by-the-sea/index.html]
[kohette.com/wpthemes/narratium/tag/climate-change/index.html]
[kohette.com/wpthemes/narratium/the-nations-guaranteed-to-be-swallowed-by-the-sea/index21b4.html]
[kohette.com/wpthemes/narratium/meet-aubrey-de-grey-the-researcher-who-wants-to-cure-old-age/feed/index.html]
[kohette.com/wpthemes/narratium/the-nations-guaranteed-to-be-swallowed-by-the-sea/index94a5.html]
[kohette.com/wpthemes/narratium/wp-content/uploads/2017/10/Bablet-Slide.jpg]
[kohette.com/wpthemes/literatum/wp-content/uploads/2014/07/1400841202712231.jpg]
[kohette.com/wpthemes/narratium/meet-aubrey-de-grey-the-researcher-who-wants-to-cure-old-age/index.html]
[kohette.com/wpthemes/narratium/meet-aubrey-de-grey-the-researcher-who-wants-to-cure-old-age/index3094.html]
[kohette.com/wpthemes/narratium/meet-aubrey-de-grey-the-researcher-who-wants-to-cure-old-age/indexa82a.html]
[kohette.com/wpthemes/narratium/author/zachary-rodriguez/index.html]
[kohette.com/wpthemes/narratium/meet-aubrey-de-grey-the-researcher-who-wants-to-cure-old-age/indexfaf1.html]
[kohette.com/wpthemes/narratium/author/zachary-rodriguez/feed/index.html]
[kohette.com/wpthemes/narratium/author/mathias57/index.html]
[kohette.com/wpthemes/narratium/author/runolfsdottir-tillman/index.html]
[kohette.com/wpthemes/narratium/author/runolfsdottir-tillman/feed/index.html]
[kohette.com/wpthemes/narratium/wp-json/oembed/1.0/embed1036.json]
[kohette.com/wpthemes/narratium/floating-utopias-for-the-age-of-rising-seas/feed/index.html]
[kohette.com/wpthemes/narratium/the-arctic-seed-vault-puts-apocalyptic-talk-of-climate-change-in-perspective/index.html]
[kohette.com/wpthemes/literatum/wp-content/uploads/2014/07/maxresdefault.jpg]
[kohette.com/wpthemes/literatum/wp-content/uploads/2014/07/Makoko_approach.jpg]
[kohette.com/wpthemes/literatum/wp-content/uploads/2014/07/Makoko_approach-2000x1145.jpg]
[kohette.com/wpthemes/literatum/wp-content/uploads/2014/07/floating-city-featured.jpg]
[kohette.com/wpthemes/literatum/wp-content/uploads/2014/07/1400010013952485.jpg]
[kohette.com/wpthemes/narratium/floating-utopias-for-the-age-of-rising-seas/index.html]
[kohette.com/wpthemes/narratium/author/raymundo89/index.html]
[kohette.com/wpthemes/narratium/author/raymundo89/feed/index.html]
[kohette.com/wpthemes/narratium/wp-content/uploads/2017/10/tumblr_nde9puPQud1smn4pqo5_1280-1-300x171.jpg]
[kohette.com/wpthemes/narratium/floating-utopias-for-the-age-of-rising-seas/indexfc06.html]
[kohette.com/wpthemes/narratium/wp-content/uploads/2014/07/4305504311_25d272fc71_o-150x150.jpg]
[kohette.com/wpthemes/narratium/author/dooley-daniella/index.html]
[kohette.com/wpthemes/narratium/what-the-near-future-is-actually-going-to-look-like/feed/index.html]
[kohette.com/wpthemes/narratium/wp-json/oembed/1.0/embed2704]
[kohette.com/wpthemes/narratium/wp-content/uploads/2017/10/johnny11-221x300.jpg]
[kohette.com/wpthemes/narratium/wp-content/uploads/2017/10/johnny11-754x1024.jpg]
[kohette.com/wpthemes/literatum/wp-content/uploads/2014/07/tumblr_n5h6ub579K1tbaq2ro1_1280.jpg]
[kohette.com/wpthemes/literatum/wp-content/uploads/2014/07/tumblr_n5fadp1iYl1tbaq2ro1_1280.jpg]
[kohette.com/wpthemes/narratium/category/photography/index.html]
[kohette.com/wpthemes/narratium/what-the-near-future-is-actually-going-to-look-like/index.html]
[kohette.com/wpthemes/narratium/author/mayert-donato/index.html]
[kohette.com/wpthemes/narratium/author/mayert-donato/feed/index.html]
[kohette.com/wpthemes/narratium/author/rosemarie-carroll/index.html]
[kohette.com/wpthemes/narratium/author/rosemarie-carroll/feed/index.html]
[kohette.com/wpthemes/narratium/what-the-near-future-is-actually-going-to-look-like/indexa858.html]
[kohette.com/wpthemes/narratium/wp-content/themes/narratium/theme-features/site-ajax-animations/src/js/svgLoader9dff.js]
[kohette.com/wpthemes/narratium/wp-content/themes/narratium/assets/js/main-app9dff.js]
[kohette.com/wpthemes/narratium/wp-includes/js/wp-embed.min9dff.js]
[kohette.com/wpthemes/narratium/wp-content/themes/narratium/assets/stylesheets/angular-material.min9dff.css]
[kohette.com/wpthemes/narratium/wp-content/themes/narratium/assets/fonts/iconsbaf5.html]
[kohette.com/wpthemes/narratium/wp-json/oembed/1.0/embed2e2c.json]
[kohette.com/wpthemes/narratium/wp-content/themes/narratium/assets/fonts/iconsbaf5.svg]
[kohette.com/wpthemes/narratium/wp-json/oembed/1.0/embed7cd9]
[kohette.com/wpthemes/narratium/wp-content/uploads/2017/10/Captura-de-pantalla-2017-10-12-a-las-12.58.51.png]
[kohette.com/wpthemes/narratium/wp-content/uploads/2017/10/Captura-de-pantalla-2017-10-12-a-las-12.59.12.png]
[kohette.com/wpthemes/narratium/wp-content/uploads/2017/10/10.png]
[kohette.com/wpthemes/narratium/wp-content/themes/narratium/assets/js/angular-material.min9dff.js]
[kohette.com/wpthemes/narratium/docs/theme-features/color-schemes/index.html]
[kohette.com/wpthemes/narratium/wp-content/uploads/2017/10/5.png]
[kohette.com/wpthemes/narratium/wp-content/uploads/2017/10/3.png]
[kohette.com/wpthemes/narratium/wp-content/uploads/2017/10/4.png]
[kohette.com/wpthemes/narratium/wp-content/uploads/2017/10/1.jpg]
[kohette.com/wpthemes/narratium/wp-content/uploads/2017/10/16-e1508315774665.png]
[kohette.com/wpthemes/narratium/wp-content/uploads/2017/10/19.png]
[kohette.com/wpthemes/narratium/wp-content/uploads/2017/10/18.png]
[kohette.com/wpthemes/narratium/wp-content/uploads/2017/10/12.png]
[kohette.com/wpthemes/narratium/wp-content/uploads/2017/10/15.png]
[kohette.com/wpthemes/narratium/wp-content/uploads/2017/10/11.png]
[kohette.com/wpthemes/narratium/features-overview/index.html]
[kohette.com/wpthemes/narratium/wp-content/themes/narratium/assets/stylesheets/template-single9dff.css]
[kohette.com/wpthemes/narratium/index86fa.html]
[kohette.com/wpthemes/narratium/wp-json/oembed/1.0/embed4463]
[kohette.com/wpthemes/narratium/wp-json/oembed/1.0/embedaeaf.json]
[kohette.com/wpthemes/narratium/wp-json/oembed/1.0/embedc967]
[kohette.com/wpthemes/narratium/docs/theme-features/index.html]
[kohette.com/wpthemes/narratium/docs/theme-features/ajax-navigation/index.html]
[kohette.com/wpthemes/narratium/docs/theme-features/featured-images-for-categories/index.html]
[kohette.com/wpthemes/narratium/docs/theme-features/interview-support-shortcodes/index.html]
[kohette.com/wpthemes/narratium/docs/theme-features/post-co-authors/index.html]
[kohette.com/wpthemes/narratium/category/travel/index.html]
[kohette.com/wpthemes/narratium/docs/theme-features/posts-featured-video/index.html]
[kohette.com/wpthemes/narratium/docs/theme-features/posts-words-counter-reading-time/index.html]
[kohette.com/wpthemes/narratium/docs/theme-features/site-fonts-typography/index.html]
[kohette.com/wpthemes/narratium/docs/theme-features/text-format-in-post-titles-subtitles/index.html]
[kohette.com/wpthemes/narratium/index6213.html]
[kohette.com/wpthemes/narratium/category/philosophy/feed/index.html]
[kohette.com/wpthemes/narratium/wp-content/uploads/2017/10/tumblr_mafx8oesiy1qhttpto2_1280-717x1024.jpg]
[kohette.com/wpthemes/narratium/i-skyped-jacques-cousteaus-grandson-on-the-bottom-of-the-ocean/index7c98.html]
[kohette.com/wpthemes/narratium/category/hacking/index.html]
[kohette.com/wpthemes/narratium/category/travel/feed/index.html]
[kohette.com/wpthemes/narratium/category/technology/index.html]
[kohette.com/wpthemes/narratium/category/internet/feed/index.html]
[kohette.com/wpthemes/narratium/category/science/page/2/index.html]
[kohette.com/wpthemes/narratium/category/technology/feed/index.html]
[kohette.com/wpthemes/narratium/wp-json/oembed/1.0/embedc86a.json]
[kohette.com/wpthemes/narratium/how-lasers-radar-and-local-economies-are-helping-save-world-heritage-sites/feed/index.html]
[kohette.com/wpthemes/narratium/wp-json/oembed/1.0/embed6e17]
[kohette.com/wpthemes/narratium/wp-content/uploads/2017/10/bosma_neanderthal_bus_stop_blog.png]
[kohette.com/wpthemes/literatum/wp-content/uploads/2014/07/Göbekli_Tepe_Urfa.jpg]
[kohette.com/wpthemes/literatum/wp-content/uploads/2014/07/Göbekli_Tepe_Urfa-2000x1328.jpg]
[kohette.com/wpthemes/narratium/how-lasers-radar-and-local-economies-are-helping-save-world-heritage-sites/index.html]
[kohette.com/wpthemes/narratium/tag/global-heritage-fund/index.html]
[kohette.com/wpthemes/narratium/tag/sillicon-valley/index.html]
[kohette.com/wpthemes/narratium/author/kohette/index.html]
[kohette.com/wpthemes/narratium/how-lasers-radar-and-local-economies-are-helping-save-world-heritage-sites/index6f0d.html]
[kohette.com/wpthemes/narratium/how-lasers-radar-and-local-economies-are-helping-save-world-heritage-sites/index745d.html]
[kohette.com/wpthemes/narratium/author/kohette/feed/index.html]
[kohette.com/wpthemes/narratium/wp-content/uploads/2017/10/c24a9f61b79f4f78f54cf8584d4914de-alternative-movie-posters-tree-of-life-200x300.jpg]
[kohette.com/wpthemes/narratium/wp-json/oembed/1.0/embed7c7b.json]
[kohette.com/wpthemes/narratium/wp-json/oembed/1.0/embed4cda]
[kohette.com/wpthemes/narratium/docs/index.html]
[kohette.com/wpthemes/narratium/docs/installation-and-first-steps/index.html]
[kohette.com/wpthemes/narratium/index55e4.html]
[kohette.com/wpthemes/narratium/docs/layout-structure/index.html]
[kohette.com/wpthemes/narratium/docs/css-sass-files/index.html]
[kohette.com/wpthemes/narratium/docs/javascript-files/index.html]
[kohette.com/wpthemes/narratium/haunted-by-his-brother-he-revolutionized-physics/index094c.html]
[kohette.com/wpthemes/narratium/wp-json/oembed/1.0/embede633]
[kohette.com/wpthemes/literatum/wp-content/uploads/2014/08/2247_df1f1d20ee86704251795841e6a9405a.png]
[kohette.com/wpthemes/narratium/how-dreams-of-spacefaring-zombies-led-to-the-launch-of-sputnik/index.html]
[kohette.com/wpthemes/narratium/wp-json/oembed/1.0/embedbb0b.json]
[kohette.com/wpthemes/narratium/how-humans-will-respond-to-immortality-an-interview-with-philosopher-john-fischer-2/feed/index.html]
[kohette.com/wpthemes/narratium/wp-json/oembed/1.0/embed1344]
[kohette.com/wpthemes/literatum/wp-content/uploads/2014/07/A_Soul_in_Heaven_1878.jpg]
[kohette.com/wpthemes/narratium/category/interviews/index.html]
[kohette.com/wpthemes/narratium/category/lifestyle/index.html]
[kohette.com/wpthemes/narratium/how-humans-will-respond-to-immortality-an-interview-with-philosopher-john-fischer-2/index.html]
[kohette.com/wpthemes/narratium/category/nature/index.html]
[kohette.com/wpthemes/narratium/tag/inmortality/index.html]
[kohette.com/wpthemes/narratium/tag/life/index.html]
[kohette.com/wpthemes/narratium/how-humans-will-respond-to-immortality-an-interview-with-philosopher-john-fischer-2/indexc916.html]
[kohette.com/wpthemes/narratium/black-box-software-could-be-the-future-of-cryptography/index8e42.html]
[kohette.com/wpthemes/narratium/how-humans-will-respond-to-immortality-an-interview-with-philosopher-john-fischer-2/indexbed3.html]
[kohette.com/wpthemes/narratium/how-humans-will-respond-to-immortality-an-interview-with-philosopher-john-fischer-2/indexb901.html]
[kohette.com/wpthemes/narratium/black-box-software-could-be-the-future-of-cryptography/index6944.html]
[kohette.com/wpthemes/narratium/black-box-software-could-be-the-future-of-cryptography/indexfa40.html]
[kohette.com/wpthemes/narratium/wp-json/oembed/1.0/embedc379]
[kohette.com/wpthemes/narratium/black-box-software-could-be-the-future-of-cryptography/index1dff.html]
[kohette.com/wpthemes/narratium/wp-includes/css/dashicons.min9dff.css]
[kohette.com/wpthemes/narratium/how-humans-will-respond-to-immortality-an-interview-with-philosopher-john-fischer-2/index5cd6.html]
[kohette.com/wpthemes/narratium/wp-admin/css/forms.min9dff.css]
[kohette.com/wpthemes/narratium/wp-admin/css/l10n.min9dff.css]
[kohette.com/wpthemes/narratium/wp-content/uploads/2017/10/cropped-Logo-270x270.png]
[kohette.com/wpthemes/narratium/wp-includes/js/zxcvbn-async.min5152.js]
[kohette.com/wpthemes/narratium/wp-loginc2b6.html]
[kohette.com/wpthemes/narratium/wp-admin/js/password-strength-meter.min9dff.js]
[kohette.com/wpthemes/narratium/wp-includes/js/wp-util.min9dff.js]
[kohette.com/wpthemes/narratium/wp-includes/js/underscore.min4511.js]
[kohette.com/wpthemes/narratium/wp-login.php]
[kohette.com/wpthemes/narratium/wp-content/uploads/2017/10/Dans_la_serre_f41g-694x1024.jpg]
[kohette.com/wpthemes/narratium/wp-admin/js/user-profile.min9dff.js]
[kohette.com/wpthemes/narratium/author/iwintheiser/feed/index.html]
[kohette.com/wpthemes/narratium/wp-content/uploads/2017/10/e43df6bd0d8e4d147b11f0b373e5c41d-150x150.png]
[kohette.com/wpthemes/narratium/index7ea6.html]
[kohette.com/wpthemes/narratium/index460d.html]
[kohette.com/wpthemes/narratium/algorithms-supercharged-gerrymandering-we-should-use-them-to-fix-it/feed/index.html]
[kohette.com/wpthemes/narratium/wp-content/uploads/2017/10/paul-330307.jpg]
[kohette.com/wpthemes/narratium/wp-content/uploads/2017/10/IMG_20-150x150.jpg]
[kohette.com/wpthemes/narratium/5-years-cruising-the-world-they-still-living-the-dream/feed/index.html]
[kohette.com/wpthemes/literatum/wp-content/uploads/2014/07/1960128_259569927544518_278019112_n.jpg]
[kohette.com/wpthemes/literatum/wp-content/uploads/2014/07/P5130005.jpg]
[kohette.com/wpthemes/literatum/wp-content/uploads/2014/07/P1020492.jpg]
[kohette.com/wpthemes/narratium/wp-content/uploads/2017/10/glow_by_dawnelainedarkwood-d35swlq.jpg]
[kohette.com/wpthemes/narratium/wp-content/uploads/2017/10/2cf18344a8fe0efc0ddecd17e8dee8e4.jpg]
[kohette.com/wpthemes/narratium/wp-content/uploads/2017/10/artjopy-1435423634.jpg]
[kohette.com/wpthemes/narratium/wp-content/uploads/2017/10/artjopy-1435423634-500x500.jpg]
[kohette.com/wpthemes/literatum/wp-content/uploads/2014/07/El-Nido-Palawan-Philippines-2.jpg]
[kohette.com/wpthemes/narratium/5-years-cruising-the-world-they-still-living-the-dream/index.html]
[kohette.com/wpthemes/narratium/wp-json/oembed/1.0/embed96b6.json]
[kohette.com/wpthemes/narratium/who-is-satoshi-nakamoto-the-creator-of-bitcoin/feed/index.html]
[kohette.com/wpthemes/narratium/wp-json/oembed/1.0/embeda060]
[kohette.com/wpthemes/literatum/wp-content/uploads/2014/07/7deda737ec724e8499b5dc273024082f.jpg]
[kohette.com/wpthemes/narratium/who-is-satoshi-nakamoto-the-creator-of-bitcoin/index.html]
[kohette.com/wpthemes/narratium/tag/blockchain/index.html]
[kohette.com/wpthemes/narratium/wp-json/oembed/1.0/embede403.json]
[kohette.com/wpthemes/narratium/who-is-satoshi-nakamoto-the-creator-of-bitcoin/indexf970.html]
[kohette.com/wpthemes/narratium/wp-content/uploads/2014/07/BryanSchutmaat_TheGreatLeapSideways_GraysTheMountainSends_007-925x1156-150x150.jpg]
[kohette.com/wpthemes/narratium/wp-content/uploads/2017/10/tumblr_nde9puPQud1smn4pqo5_1280-1.jpg]
[kohette.com/wpthemes/narratium/who-is-satoshi-nakamoto-the-creator-of-bitcoin/index954a.html]
[kohette.com/wpthemes/narratium/how-humans-will-respond-to-immortality-an-interview-with-philosopher-john-fischer/index.html]
[kohette.com/wpthemes/narratium/wp-content/uploads/2017/10/Ghost_Warriors-193x300.jpg]
[kohette.com/wpthemes/narratium/index36d4.html]
[kohette.com/wpthemes/narratium/how-humans-will-respond-to-immortality-an-interview-with-philosopher-john-fischer/indexa79a.html]
[kohette.com/wpthemes/narratium/wp-content/uploads/2017/10/Victo-Ngai-226x300.jpg]
[kohette.com/wpthemes/narratium/tag/climate-change/index.html]
[kohette.com/wpthemes/literatum/wp-content/uploads/2014/07/1401200280336425.png]
[kohette.com/wpthemes/narratium/tag/climate-change/feed/index.html]
[kohette.com/wpthemes/narratium/the-nations-guaranteed-to-be-swallowed-by-the-sea/index21b4.html]
[kohette.com/wpthemes/narratium/the-nations-guaranteed-to-be-swallowed-by-the-sea/index94a5.html]
[kohette.com/wpthemes/narratium/indexeffd.html]
[kohette.com/wpthemes/narratium/wp-json/oembed/1.0/embede1dd]
[kohette.com/wpthemes/narratium/meet-aubrey-de-grey-the-researcher-who-wants-to-cure-old-age/index3094.html]
[kohette.com/wpthemes/narratium/meet-aubrey-de-grey-the-researcher-who-wants-to-cure-old-age/indexa82a.html]
[kohette.com/wpthemes/narratium/meet-aubrey-de-grey-the-researcher-who-wants-to-cure-old-age/indexfaf1.html]
[kohette.com/wpthemes/narratium/wp-json/oembed/1.0/embed472e]
[kohette.com/wpthemes/narratium/author/mathias57/index.html]
[kohette.com/wpthemes/narratium/wp-content/uploads/2014/07/tumblr_mc0gsvBCfC1qe0lqqo1_r1_1280-150x150.jpg]
[kohette.com/wpthemes/narratium/author/mathias57/feed/index.html]
[kohette.com/wpthemes/narratium/wp-json/oembed/1.0/embedecf3.json]
[kohette.com/wpthemes/narratium/the-arctic-seed-vault-puts-apocalyptic-talk-of-climate-change-in-perspective/feed/index.html]
[kohette.com/wpthemes/narratium/wp-json/oembed/1.0/embed6351]
[kohette.com/wpthemes/literatum/wp-content/uploads/2014/07/Sval-bard-seed-bank.jpg]
[kohette.com/wpthemes/narratium/the-arctic-seed-vault-puts-apocalyptic-talk-of-climate-change-in-perspective/index.html]
[kohette.com/wpthemes/narratium/indexe839.html]
[kohette.com/wpthemes/narratium/floating-utopias-for-the-age-of-rising-seas/indexfc06.html]
[kohette.com/wpthemes/narratium/indexae74.html]
[kohette.com/wpthemes/narratium/author/dooley-daniella/feed/index.html]
[kohette.com/wpthemes/narratium/wp-json/oembed/1.0/embed29af]
[kohette.com/wpthemes/narratium/category/photography/index.html]
[kohette.com/wpthemes/narratium/category/photography/feed/index.html]
[kohette.com/wpthemes/narratium/tag/apocalypse/index.html]
[kohette.com/wpthemes/literatum/wp-content/uploads/2014/07/tumblr_n5facwSP3S1tbaq2ro1_1280.jpg]
[kohette.com/wpthemes/narratium/what-the-near-future-is-actually-going-to-look-like/indexa858.html]
[kohette.com/wpthemes/narratium/wp-content/themes/narratium/assets/fonts/iconsbaf5.ttf]
[kohette.com/wpthemes/narratium/wp-content/themes/narratium/assets/fonts/iconsbaf5.svg]
[kohette.com/wpthemes/narratium/index5721.html]
[kohette.com/wpthemes/narratium/wp-content/uploads/2017/10/Captura-de-pantalla-2017-10-12-a-las-12.58.38.png]
[kohette.com/wpthemes/narratium/wp-content/themes/narratium/theme-features/site-ajax-animations/src/js/snap.svg-min9dff.js]
[kohette.com/wpthemes/narratium/wp-json/oembed/1.0/embed4da0]
[kohette.com/wpthemes/narratium/wp-content/uploads/2017/10/Captura-de-pantalla-2017-10-09-a-las-15.31.28.png]
[kohette.com/wpthemes/narratium/docs/theme-features/color-schemes/index.html]
[kohette.com/wpthemes/literatum/indexc925.html]
[kohette.com/wpthemes/literatum/captura-de-pantalla-2014-07-30-a-las-13-30-39/index.html]
[kohette.com/wpthemes/narratium/wp-content/uploads/2017/10/14.png]
[kohette.com/wpthemes/narratium/index9c49.html]
[kohette.com/wpthemes/narratium/wp-json/oembed/1.0/embeda4b1.json]
[kohette.com/wpthemes/narratium/wp-json/oembed/1.0/embed2af4]
[kohette.com/wpthemes/narratium/docs/theme-features/ajax-navigation/index.html]
[kohette.com/wpthemes/narratium/wp-json/oembed/1.0/embed4a8e.json]
[kohette.com/wpthemes/narratium/wp-json/oembed/1.0/embed8ff9]
[kohette.com/wpthemes/narratium/wp-content/uploads/2017/10/Captura-de-pantalla-2017-10-09-a-las-15.33.22.png]
[kohette.com/wpthemes/narratium/docs/theme-features/featured-images-for-categories/index.html]
[kohette.com/wpthemes/narratium/wp-json/oembed/1.0/embed395f.json]
[kohette.com/wpthemes/narratium/wp-json/oembed/1.0/embed57fe]
[kohette.com/wpthemes/narratium/docs/theme-features/interview-support-shortcodes/index.html]
[kohette.com/wpthemes/narratium/wp-json/oembed/1.0/embedff9d.json]
[kohette.com/wpthemes/narratium/wp-json/oembed/1.0/embede085]
[kohette.com/wpthemes/narratium/wp-content/uploads/2017/10/Captura-de-pantalla-2017-10-09-a-las-15.35.56.png]
[kohette.com/wpthemes/narratium/docs/theme-features/post-co-authors/index.html]
[kohette.com/wpthemes/narratium/wp-json/oembed/1.0/embed88bf.json]
[kohette.com/wpthemes/narratium/wp-json/oembed/1.0/embed11da]
[kohette.com/wpthemes/narratium/docs/theme-features/posts-featured-video/index.html]
[kohette.com/wpthemes/narratium/wp-json/oembed/1.0/embed5594.json]
[kohette.com/wpthemes/narratium/wp-json/oembed/1.0/embedcacd]
[kohette.com/wpthemes/narratium/docs/theme-features/posts-words-counter-reading-time/index.html]
[kohette.com/wpthemes/narratium/wp-json/oembed/1.0/embed5b74.json]
[kohette.com/wpthemes/narratium/wp-json/oembed/1.0/embedaa03]
[kohette.com/wpthemes/narratium/docs/theme-features/site-fonts-typography/index.html]
[kohette.com/wpthemes/narratium/wp-json/oembed/1.0/embed5deb.json]
[kohette.com/wpthemes/narratium/wp-json/oembed/1.0/embedeecb]
[kohette.com/wpthemes/narratium/docs/theme-features/text-format-in-post-titles-subtitles/index.html]
[kohette.com/wpthemes/narratium/category/hacking/index.html]
[kohette.com/wpthemes/narratium/category/hacking/feed/index.html]
[kohette.com/wpthemes/narratium/wp-content/uploads/2017/10/tumblr_n57iieisJo1segk5lo1_1280-576x1024.jpg]
[kohette.com/wpthemes/narratium/index5fb3.html]
[kohette.com/wpthemes/narratium/tag/global-heritage-fund/index.html]
[kohette.com/wpthemes/narratium/tag/sillicon-valley/index.html]
[kohette.com/wpthemes/narratium/how-lasers-radar-and-local-economies-are-helping-save-world-heritage-sites/index6f0d.html]
[kohette.com/wpthemes/narratium/how-lasers-radar-and-local-economies-are-helping-save-world-heritage-sites/index745d.html]
[kohette.com/wpthemes/narratium/wp-content/uploads/2017/10/ava-150x150.jpg]
[kohette.com/wpthemes/narratium/tag/global-heritage-fund/feed/index.html]
[kohette.com/wpthemes/narratium/tag/sillicon-valley/feed/index.html]
[kohette.com/wpthemes/narratium/index1c00.html]
[kohette.com/wpthemes/narratium/wp-json/oembed/1.0/embeda981.json]
[kohette.com/wpthemes/narratium/docs/installation-and-first-steps/index.html]
[kohette.com/wpthemes/narratium/docs/layout-structure/index.html]
[kohette.com/wpthemes/narratium/wp-json/oembed/1.0/embed1ec2]
[kohette.com/wpthemes/narratium/wp-json/oembed/1.0/embed2815.json]
[kohette.com/wpthemes/narratium/docs/css-sass-files/index.html]
[kohette.com/wpthemes/narratium/wp-json/oembed/1.0/embed9f89]
[kohette.com/wpthemes/narratium/wp-json/oembed/1.0/embedbfee.json]
[kohette.com/wpthemes/narratium/docs/javascript-files/index.html]
[kohette.com/wpthemes/narratium/wp-json/oembed/1.0/embedab0f]
[kohette.com/wpthemes/narratium/how-dreams-of-spacefaring-zombies-led-to-the-launch-of-sputnik/feed/index.html]
[kohette.com/wpthemes/narratium/wp-json/oembed/1.0/embede3ef.json]
[kohette.com/wpthemes/narratium/wp-json/oembed/1.0/embed4e12]
[kohette.com/wpthemes/narratium/wp-content/uploads/2014/07/6927690315_6a94b69af9_o.jpg]
[kohette.com/wpthemes/narratium/wp-content/uploads/2014/07/5686276085_7056693245_o.jpg]
[kohette.com/wpthemes/narratium/wp-content/uploads/2014/07/5348061775_4e15cf62d2_o.jpg]
[kohette.com/wpthemes/narratium/how-dreams-of-spacefaring-zombies-led-to-the-launch-of-sputnik/index.html]
[kohette.com/wpthemes/narratium/indexe8f5.html]
[kohette.com/wpthemes/narratium/category/interviews/index.html]
[kohette.com/wpthemes/narratium/category/lifestyle/index.html]
[kohette.com/wpthemes/narratium/category/interviews/feed/index.html]
[kohette.com/wpthemes/narratium/category/lifestyle/feed/index.html]
[kohette.com/wpthemes/narratium/category/nature/index.html]
[kohette.com/wpthemes/literatum/wp-content/uploads/2014/07/Soldier_Vampire_by_Lostinfog88.jpg]
[kohette.com/wpthemes/narratium/tag/inmortality/index.html]
[kohette.com/wpthemes/narratium/tag/life/index.html]
[kohette.com/wpthemes/narratium/tag/life/feed/index.html]
[kohette.com/wpthemes/narratium/how-humans-will-respond-to-immortality-an-interview-with-philosopher-john-fischer-2/indexc916.html]
[kohette.com/wpthemes/narratium/how-humans-will-respond-to-immortality-an-interview-with-philosopher-john-fischer-2/indexbed3.html]
[kohette.com/wpthemes/narratium/how-humans-will-respond-to-immortality-an-interview-with-philosopher-john-fischer-2/indexb901.html]
[kohette.com/wpthemes/narratium/how-humans-will-respond-to-immortality-an-interview-with-philosopher-john-fischer-2/index5cd6.html]
[kohette.com/wpthemes/narratium/index6aed.html]
[kohette.com/wpthemes/narratium/wp-includes/fonts/dashicons2ce6.eot]
[kohette.com/wpthemes/narratium/wp-includes/css/dashicons.min9dff.css]
[kohette.com/wpthemes/narratium/wp-admin/css/forms.min9dff.css]
[kohette.com/wpthemes/narratium/wp-admin/css/l10n.min9dff.css]
[kohette.com/wpthemes/narratium/wp-includes/css/buttons.min9dff.css]
[kohette.com/wpthemes/narratium/wp-loginc2b6.html]
[kohette.com/wpthemes/narratium/wp-admin/css/login.min9dff.css]
[kohette.com/wpthemes/narratium/wp-json/oembed/1.0/embed1c39]
[kohette.com/wpthemes/literatum/wp-content/uploads/2014/07/Delos-Hauled-Out-for-Survey-in-Seattle.jpg]
[kohette.com/wpthemes/narratium/wp-json/oembed/1.0/embed960b]
[kohette.com/wpthemes/literatum/wp-content/uploads/2014/07/Raja-Ampat-Indonesia.jpg]
[kohette.com/wpthemes/narratium/wp-content/uploads/2017/10/glow_by_dawnelainedarkwood-d35swlq-500x500.jpg]
[kohette.com/wpthemes/narratium/wp-content/uploads/2017/10/2cf18344a8fe0efc0ddecd17e8dee8e4-500x500.jpg]
[kohette.com/wpthemes/narratium/index5401.html]
[kohette.com/wpthemes/narratium/tag/blockchain/index.html]
[kohette.com/wpthemes/narratium/tag/blockchain/feed/index.html]
[kohette.com/wpthemes/narratium/who-is-satoshi-nakamoto-the-creator-of-bitcoin/indexf970.html]
[kohette.com/wpthemes/narratium/who-is-satoshi-nakamoto-the-creator-of-bitcoin/index954a.html]
[kohette.com/wpthemes/narratium/index6f72.html]
[kohette.com/wpthemes/narratium/how-humans-will-respond-to-immortality-an-interview-with-philosopher-john-fischer/feed/index.html]
[kohette.com/wpthemes/narratium/wp-json/oembed/1.0/embed40f9]
[kohette.com/wpthemes/narratium/how-humans-will-respond-to-immortality-an-interview-with-philosopher-john-fischer/indexa79a.html]
[kohette.com/wpthemes/narratium/wp-content/uploads/2017/10/Bablet-Slide-300x173.jpg]
[kohette.com/wpthemes/narratium/index6ffe.html]
[kohette.com/wpthemes/narratium/tag/apocalypse/index.html]
[kohette.com/wpthemes/narratium/wp-json/oembed/1.0/embed27ec]
[kohette.com/wpthemes/narratium/wp-content/uploads/2017/10/91ae2b4a3ac2e14b021019f5595ea394-300x194.png]
[kohette.com/wpthemes/narratium/index60d6.html]
[kohette.com/wpthemes/narratium/wp-content/uploads/2017/10/Captura-de-pantalla-2017-10-12-a-las-13.09.06.png]
[kohette.com/wpthemes/narratium/how-humans-will-respond-to-immortality-an-interview-with-philosopher-john-fischer/index04d3.html]
[kohette.com/wpthemes/narratium/tag/future/index.html]
[kohette.com/wpthemes/literatum/feed/index.html]
[kohette.com/wpthemes/literatum/comments/feed/index.html]
[kohette.com/wpthemes/literatum/wp-content/themes/literatum/assets/stylesheets/base9dff.css]
[kohette.com/wpthemes/literatum/feed/indexc925.html]
[kohette.com/wpthemes/literatum/wp-content/themes/literatum/assets/stylesheets/icons9dff.css]
[kohette.com/wpthemes/literatum/wp-content/themes/literatum/theme-features/site-ajax-animations/src/css/ajax-transitions-base9dff.css]
[kohette.com/wpthemes/literatum/wp-content/themes/literatum/assets/stylesheets/template-single9dff.css]
[kohette.com/wpthemes/literatum/wp-content/plugins/aesop-story-engine/public/assets/css/ai-core68b3.css]
[kohette.com/wpthemes/literatum/wp-includes/js/jquery/jquery-migrate.min330a.js]
[kohette.com/wpthemes/literatum/xmlrpc0db0.php]
[kohette.com/wpthemes/literatum/wp-includes/js/jquery/jquery4a5f.js]
[kohette.com/wpthemes/literatum/wp-json/index.html]
[kohette.com/wpthemes/literatum/wp-json/oembed/1.0/embed3160.json]
[kohette.com/wpthemes/literatum/wp-json/oembed/1.0/embedda2c]
[kohette.com/wpthemes/literatum/wp-content/uploads/2017/08/cropped-Logo-32x32.png]
[kohette.com/wpthemes/literatum/wp-content/uploads/2017/08/cropped-Logo-192x192.png]
[kohette.com/wpthemes/literatum/wp-content/uploads/2017/08/cropped-Logo-180x180.png]
[kohette.com/wpthemes/literatum/sample-page/index.html]
[kohette.com/wpthemes/literatum/wp-content/uploads/2017/08/cropped-Logo.png]
[kohette.com/wpthemes/literatum/wp-content/uploads/2014/08/Captura-de-pantalla-2014-07-30-a-las-13.30.39.png]
[kohette.com/wpthemes/literatum/index.html]
[kohette.com/wpthemes/literatum/category/science/index.html]
[kohette.com/wpthemes/literatum/wp-content/uploads/2014/08/Captura-de-pantalla-2014-07-30-a-las-13.30.39-250x300.f5.delayed]
[kohette.com/wpthemes/literatum/wp-content/plugins/akismet/_inc/form41fe.js]
[kohette.com/wpthemes/literatum/category/technology/index.html]
[kohette.com/wpthemes/literatum/who-is-satoshi-nakamoto-the-creator-of-bitcoin/index.html]
[kohette.com/wpthemes/literatum/wp-content/themes/literatum/assets/js/ktt-backgroundy9dff.js]
[kohette.com/wpthemes/literatum/wp-includes/js/comment-reply.min9dff.js]
[kohette.com/wpthemes/literatum/the-nations-guaranteed-to-be-swallowed-by-the-sea/index.html]
[kohette.com/wpthemes/literatum/meet-aubrey-de-grey-the-researcher-who-wants-to-cure-old-age/index.html]
[kohette.com/wpthemes/literatum/wp-content/themes/literatum/assets/js/angular-animate.min9dff.js]
[kohette.com/wpthemes/literatum/wp-content/themes/literatum/assets/js/main-app9dff.js]
[kohette.com/wpthemes/literatum/wp-content/themes/literatum/theme-features/site-ajax-animations/src/js/snap.svg-min9dff.js]
[kohette.com/wpthemes/literatum/wp-content/plugins/aesop-story-engine/public/assets/js/ai-core.min1576.js]
[kohette.com/wpthemes/literatum/captura-de-pantalla-2014-07-30-a-las-13-30-39/index.html]
[kohette.com/wpthemes/literatum/author/admin/index.html]
[kohette.com/wpthemes/literatum/wp-content/themes/literatum/assets/js/angular-material.min9dff.js]
[kohette.com/wpthemes/narratium/index269b.html]
[kohette.com/wpthemes/narratium/indexd7d8.html]
[kohette.com/wpthemes/narratium/indexe539.html]
[kohette.com/wpthemes/narratium/indexdc22.html]
[kohette.com/wpthemes/narratium/index2fa7.html]
[kohette.com/wpthemes/narratium/index8bc8.html]
[kohette.com/wpthemes/narratium/indexb4d2.html]
[kohette.com/wpthemes/narratium/indexbe3b.html]
[kohette.com/wpthemes/narratium/index5791.html]
[kohette.com/wpthemes/narratium/indexd52d.html]
[kohette.com/wpthemes/narratium/wp-content/uploads/2017/10/Captura-de-pantalla-2017-10-09-a-las-15.33.09.png]
[kohette.com/wpthemes/narratium/wp-content/uploads/2017/10/Captura-de-pantalla-2017-10-09-a-las-15.36.15.png]
[kohette.com/wpthemes/narratium/wp-json/oembed/1.0/embedad57]
[kohette.com/wpthemes/narratium/wp-json/oembed/1.0/embed4036]
[kohette.com/wpthemes/narratium/index43b2.html]
[kohette.com/wpthemes/narratium/indexb950.html]
[kohette.com/wpthemes/narratium/index8820.html]
[kohette.com/wpthemes/narratium/tag/inmortality/feed/index.html]
[kohette.com/wpthemes/narratium/category/nature/feed/index.html]
[kohette.com/wpthemes/narratium/wp-json/oembed/1.0/embed97f9]
[kohette.com/wpthemes/narratium/wp-includes/css/buttons.min9dff.css]
[kohette.com/wpthemes/narratium/wp-admin/images/loading.gif]
[kohette.com/wpthemes/narratium/wp-admin/images/w-logo-blue7a53.png]
[kohette.com/wpthemes/narratium/wp-admin/css/login.min9dff.css]
[kohette.com/wpthemes/narratium/wp-admin/images/wordpress-logo7d6b.svg]
[kohette.com/wpthemes/narratium/indexc5eb.html]
[kohette.com/wpthemes/narratium/how-humans-will-respond-to-immortality-an-interview-with-philosopher-john-fischer/index04d3.html]
[kohette.com/wpthemes/narratium/wp-content/uploads/2017/10/Victo-Ngai-772x1024.jpg]
[kohette.com/wpthemes/narratium/tag/future/index.html]
[kohette.com/wpthemes/narratium/tag/apocalypse/feed/index.html]
[kohette.com/wpthemes/literatum/wp-content/themes/literatum/assets/stylesheets/base9dff.css]
[kohette.com/wpthemes/narratium/wp-json/oembed/1.0/embedb7a7]
[kohette.com/wpthemes/literatum/wp-content/themes/literatum/assets/fonts/iconsbaf5.eot]
[kohette.com/wpthemes/literatum/wp-content/themes/literatum/assets/stylesheets/icons9dff.css]
[kohette.com/wpthemes/literatum/wp-content/themes/literatum/theme-features/site-ajax-animations/src/css/ajax-transitions-base9dff.css]
[kohette.com/wpthemes/literatum/wp-content/themes/literatum/assets/stylesheets/template-single9dff.css]
[kohette.com/wpthemes/narratium/tag/bitcon/index.html]
[kohette.com/wpthemes/literatum/wp-includes/css/dist/block-library/style.min9dff.css]
[kohette.com/wpthemes/literatum/wp-content/plugins/aesop-story-engine/public/assets/img/loader.gif]
[kohette.com/wpthemes/literatum/wp-content/themes/literatum/assets/fonts/iconsbaf5.svg]
[kohette.com/wpthemes/literatum/wp-content/plugins/aesop-story-engine/public/assets/img/icons.png]
[kohette.com/wpthemes/literatum/wp-content/plugins/aesop-story-engine/public/assets/img/timeline-break.png]
[kohette.com/wpthemes/literatum/wp-content/plugins/aesop-story-engine/public/assets/css/ai-core68b3.css]
[kohette.com/wpthemes/literatum/index6233.html]
[kohette.com/wpthemes/literatum/wp-includes/wlwmanifest.xml]
[kohette.com/wpthemes/literatum/wp-content/uploads/2014/07/6984241055_9632956d7f_b-300x300.jpg]
[kohette.com/wpthemes/literatum/wp-content/uploads/2014/07/6984241055_9632956d7f_b.jpg]
[kohette.com/wpthemes/literatum/i-skyped-jacques-cousteaus-grandson-on-the-bottom-of-the-ocean/index.html]
[kohette.com/wpthemes/literatum/haunted-by-his-brother-he-revolutionized-physics/index.html]
[kohette.com/wpthemes/literatum/the-arctic-seed-vault-puts-apocalyptic-talk-of-climate-change-in-perspective-but-not-how-you-might-think/index.html]
[kohette.com/wpthemes/literatum/what-the-near-future-is-actually-going-to-look-like/index.html]
[kohette.com/wpthemes/literatum/category/lifestyle/index.html]
[kohette.com/wpthemes/literatum/wp-includes/js/dist/vendor/wp-polyfill-element-closest.min4c56.js]
[kohette.com/wpthemes/literatum/author/john-smith/index.html]
[kohette.com/wpthemes/literatum/wp-includes/js/dist/a11y.min9776.js]
[kohette.com/wpthemes/literatum/wp-includes/js/wp-custom-header.min9dff.js]
[kohette.com/wpthemes/literatum/index.html]
[kohette.com/wpthemes/literatum/wp-json/oembed/1.0/embede88d.json]
[kohette.com/wpthemes/literatum/author/retta-cristiansenn/index.html]
[kohette.com/wpthemes/literatum/sample-page/feed/index.html]
[kohette.com/wpthemes/literatum/author/shinichi-mochizuki/index.html]
[kohette.com/wpthemes/literatum/wp-content/uploads/2014/07/tracks-2000x1328.jpg]
[kohette.com/wpthemes/literatum/wp-content/uploads/2014/08/Captura-de-pantalla-2014-07-30-a-las-13.17.18.png]
[kohette.com/wpthemes/literatum/captura-de-pantalla-2014-07-30-a-las-13-17-18/index.html]
[kohette.com/wpthemes/literatum/sample-page/attachment/1/index.html]
[kohette.com/wpthemes/literatum/captura-de-pantalla-2014-07-30-a-las-13-44-13/index.html]
[kohette.com/wpthemes/literatum/wp-content/uploads/2014/08/Captura-de-pantalla-2014-07-30-a-las-20.58.49-150x150.png]
[kohette.com/wpthemes/literatum/captura-de-pantalla-2014-07-30-a-las-13-44-56/index.html]
[kohette.com/wpthemes/literatum/wp-content/uploads/2014/08/Captura-de-pantalla-2014-07-30-a-las-13.14.10-150x150.png]
[kohette.com/wpthemes/literatum/wp-content/uploads/2014/08/Captura-de-pantalla-2014-07-30-a-las-13.22.04-150x150.png]
[kohette.com/wpthemes/literatum/wp-content/uploads/2014/08/Captura-de-pantalla-2014-07-30-a-las-13.40.40-150x150.png]
[kohette.com/wpthemes/literatum/wp-content/uploads/2014/08/Captura-de-pantalla-2014-07-30-a-las-13.21.41-150x150.png]
[kohette.com/wpthemes/literatum/wp-content/uploads/2014/08/Captura-de-pantalla-2014-07-30-a-las-13.20.02-150x150.png]
[kohette.com/wpthemes/literatum/wp-content/uploads/2014/08/Captura-de-pantalla-2014-07-30-a-las-13.21.13-150x150.png]
[kohette.com/wpthemes/literatum/wp-content/uploads/2014/08/Captura-de-pantalla-2014-07-30-a-las-13.17.54-150x150.png]
[kohette.com/wpthemes/literatum/sample-page/index.html]
[kohette.com/wpthemes/literatum/category/science/feed/index.html]
[kohette.com/wpthemes/literatum/wp-content/uploads/2014/07/5348061775_4e15cf62d2_o.jpg]
[kohette.com/wpthemes/literatum/category/science/index.html]
[kohette.com/wpthemes/literatum/category/nature/index.html]
[kohette.com/wpthemes/literatum/category/technology/feed/index.html]
[kohette.com/wpthemes/literatum/category/interviews/index.html]
[kohette.com/wpthemes/literatum/wp-content/uploads/2014/07/5686276085_7056693245_o-300x300.jpg]
[kohette.com/wpthemes/literatum/wp-content/uploads/2014/07/o2e4rqpv0dw303-2000x2000.jpg]
[kohette.com/wpthemes/literatum/wp-content/uploads/2014/07/6CE.jpg]
[kohette.com/wpthemes/literatum/wp-content/uploads/2014/07/6927690315_6a94b69af9_o.jpg]
[kohette.com/wpthemes/literatum/wp-content/uploads/2014/07/4634481735_84118ddeaf_o.jpg]
[kohette.com/wpthemes/literatum/wp-content/uploads/2014/07/hipster.pl-tumblr_mwb71bq9cT1qz82two1_1280.jpg]
[kohette.com/wpthemes/literatum/wp-content/uploads/2014/07/au.jpg]
[kohette.com/wpthemes/literatum/category/technology/index.html]
[kohette.com/wpthemes/literatum/category/technology/page/2/index.html]
[kohette.com/wpthemes/literatum/wp-json/oembed/1.0/embed2c14.json]
[kohette.com/wpthemes/literatum/5-years-cruising-the-world-brian-trautman-crew-still-living-the-dream/index.html]
[kohette.com/wpthemes/literatum/who-is-satoshi-nakamoto-the-creator-of-bitcoin/feed/index.html]
[kohette.com/wpthemes/literatum/wp-json/oembed/1.0/embedadc0]
[kohette.com/wpthemes/literatum/wp-content/uploads/2014/07/o2e4rqpv0dw303-300x300.jpg]
[kohette.com/wpthemes/literatum/wp-content/uploads/2014/07/o2e4rqpv0dw303.jpg]
[kohette.com/wpthemes/literatum/who-is-satoshi-nakamoto-the-creator-of-bitcoin/index.html]
[kohette.com/wpthemes/literatum/category/economy/index.html]
[kohette.com/wpthemes/literatum/category/hacking/index.html]
[kohette.com/wpthemes/literatum/wp-json/oembed/1.0/embed069c.json]
[kohette.com/wpthemes/literatum/category/internet/index.html]
[kohette.com/wpthemes/literatum/tag/bitcoin/index.html]
[kohette.com/wpthemes/literatum/the-nations-guaranteed-to-be-swallowed-by-the-sea/feed/index.html]
[kohette.com/wpthemes/literatum/wp-content/uploads/2014/07/6927690315_6a94b69af9_o-300x300.jpg]
[kohette.com/wpthemes/literatum/wp-content/uploads/2014/07/4634481735_84118ddeaf_o-300x300.jpg]
[kohette.com/wpthemes/literatum/the-nations-guaranteed-to-be-swallowed-by-the-sea/index.html]
[kohette.com/wpthemes/literatum/wp-json/oembed/1.0/embed4e8a.json]
[kohette.com/wpthemes/literatum/meet-aubrey-de-grey-the-researcher-who-wants-to-cure-old-age/feed/index.html]
[kohette.com/wpthemes/literatum/how-humans-will-respond-to-immortality-an-interview-with-philosopher-john-fischer/index.html]
[kohette.com/wpthemes/literatum/meet-aubrey-de-grey-the-researcher-who-wants-to-cure-old-age/index.html]
[kohette.com/wpthemes/literatum/wp-json/oembed/1.0/embed584f]
[kohette.com/wpthemes/literatum/tag/sea/index.html]
[kohette.com/wpthemes/literatum/wp-content/uploads/2014/07/au-300x225.jpg]
[kohette.com/wpthemes/literatum/author/admin/index.html]
[kohette.com/wpthemes/literatum/tag/inmortality/index.html]
[kohette.com/wpthemes/literatum/meet-aubrey-de-grey-the-researcher-who-wants-to-cure-old-age/indexb993.html]
[kohette.com/wpthemes/literatum/how-lasers-radar-and-local-economies-are-helping-save-world-heritage-sites/index.html]
[kohette.com/wpthemes/literatum/wp-content/themes/literatum/assets/js/angular.min9dff.js]
[kohette.com/wpthemes/narratium/wp-admin/images/wordpress-logo7d6b.svg]
[kohette.com/wpthemes/literatum/wp-content/themes/literatum/assets/js/angular-aria.min9dff.js]
[kohette.com/wpthemes/narratium/tag/bitcon/index.html]
[kohette.com/wpthemes/literatum/wp-includes/js/wp-embed.min9dff.js]
[kohette.com/wpthemes/narratium/who-is-satoshi-nakamoto-the-creator-of-bitcoin/index06ab.html]
[kohette.com/wpthemes/narratium/tag/bitcon/feed/index.html]
[kohette.com/wpthemes/narratium/tag/future/feed/index.html]
[kohette.com/wpthemes/literatum/author/admin/page/2/index.html]
[kohette.com/wpthemes/literatum/black-box-software-could-be-the-future-of-cryptography/index.html]
[kohette.com/wpthemes/literatum/wp-content/themes/literatum/assets/fonts/iconsbaf5.html]
[kohette.com/wpthemes/literatum/wp-content/themes/literatum/assets/fonts/iconsbaf5.svg]
[kohette.com/wpthemes/literatum/wp-includes/css/dist/block-library/style.min9dff.css]
[kohette.com/wpthemes/literatum/wp-content/plugins/aesop-story-engine/public/assets/img/fotorama.png]
[kohette.com/wpthemes/literatum/wp-content/themes/literatum/assets/stylesheets/angular-material.min9dff.css]
[kohette.com/wpthemes/literatum/wp-content/plugins/aesop-story-engine/public/assets/img/fotorama@2x.png]
[kohette.com/wpthemes/literatum/wp-json/oembed/1.0/embeda444.json]
[kohette.com/wpthemes/literatum/wp-json/oembed/1.0/embed7d0e]
[kohette.com/wpthemes/literatum/wp-content/uploads/2014/07/hipster.pl-tumblr_mwb71bq9cT1qz82two1_1280-300x240.jpg]
[kohette.com/wpthemes/literatum/i-skyped-jacques-cousteaus-grandson-on-the-bottom-of-the-ocean/index.html]
[kohette.com/wpthemes/literatum/haunted-by-his-brother-he-revolutionized-physics/feed/index.html]
[kohette.com/wpthemes/literatum/wp-json/oembed/1.0/embede401.json]
[kohette.com/wpthemes/literatum/haunted-by-his-brother-he-revolutionized-physics/index.html]
[kohette.com/wpthemes/literatum/wp-json/oembed/1.0/embeda5ba]
[kohette.com/wpthemes/literatum/the-arctic-seed-vault-puts-apocalyptic-talk-of-climate-change-in-perspective-but-not-how-you-might-think/feed/index.html]
[kohette.com/wpthemes/literatum/wp-json/oembed/1.0/embedee19.json]
[kohette.com/wpthemes/literatum/tag/jacques-cousteau/index.html]
[kohette.com/wpthemes/literatum/the-arctic-seed-vault-puts-apocalyptic-talk-of-climate-change-in-perspective-but-not-how-you-might-think/index.html]
[kohette.com/wpthemes/literatum/wp-json/oembed/1.0/embed5dfb]
[kohette.com/wpthemes/literatum/what-the-near-future-is-actually-going-to-look-like/feed/index.html]
[kohette.com/wpthemes/literatum/wp-json/oembed/1.0/embed1bd6.json]
[kohette.com/wpthemes/literatum/wp-json/oembed/1.0/embed2f7e]
[kohette.com/wpthemes/literatum/wp-content/uploads/2014/07/tumblr_mja4of0Hzr1qz82two1_1280-300x240.jpg]
[kohette.com/wpthemes/literatum/wp-content/uploads/2014/07/tumblr_mja4of0Hzr1qz82two1_1280.jpg]
[kohette.com/wpthemes/literatum/wp-content/uploads/2014/07/tumblr_n091i4Ltyw1smrv29o1_1280-300x300.jpg]
[kohette.com/wpthemes/literatum/tag/cold/index.html]
[kohette.com/wpthemes/literatum/what-the-near-future-is-actually-going-to-look-like/index.html]
[kohette.com/wpthemes/literatum/floating-utopias-for-the-age-of-rising-seas/index.html]
[kohette.com/wpthemes/literatum/category/lifestyle/index.html]
[kohette.com/wpthemes/literatum/category/lifestyle/feed/index.html]
[kohette.com/wpthemes/literatum/tag/art/index.html]
[kohette.com/wpthemes/literatum/author/john-smith/feed/index.html]
[kohette.com/wpthemes/literatum/category/software/index.html]
[kohette.com/wpthemes/literatum/wp-content/uploads/2014/11/blogpix1252046100-150x150.jpg]
[kohette.com/wpthemes/literatum/author/john-smith/index.html]
[kohette.com/wpthemes/literatum/author/retta-cristiansenn/index.html]
[kohette.com/wpthemes/literatum/author/shinichi-mochizuki/index.html]
[kohette.com/wpthemes/literatum/author/retta-cristiansenn/feed/index.html]
[kohette.com/wpthemes/literatum/wp-includes/js/dist/vendor/wp-polyfill.min89b1.js]
[kohette.com/wpthemes/literatum/wp-includes/js/dist/vendor/wp-polyfill-node-contains.minef84.js]
[kohette.com/wpthemes/literatum/wp-includes/js/dist/vendor/wp-polyfill-formdata.mine9bd.js]
[kohette.com/wpthemes/literatum/index905b.html]
[kohette.com/wpthemes/literatum/wp-includes/js/dist/dom-ready.min9776.js]
[kohette.com/wpthemes/literatum/wp-content/uploads/2014/07/tracks-300x199.jpg]
[kohette.com/wpthemes/literatum/wp-json/oembed/1.0/embedf91f]
[kohette.com/wpthemes/literatum/index73ef.html]
[kohette.com/wpthemes/literatum/what-the-near-future-is-actually-going-to-look-like/indexc024.html]
[kohette.com/wpthemes/literatum/wp-json/oembed/1.0/embedd60d.json]
[kohette.com/wpthemes/literatum/wp-json/oembed/1.0/embedbafa]
[kohette.com/wpthemes/literatum/wp-content/uploads/2014/08/Captura-de-pantalla-2014-07-30-a-las-13.17.18-300x236.png]
[kohette.com/wpthemes/literatum/captura-de-pantalla-2014-07-30-a-las-13-17-18/index.html]
[kohette.com/wpthemes/literatum/sample-page/attachment/1/feed/index.html]
[kohette.com/wpthemes/literatum/wp-json/oembed/1.0/embed2fb7.json]
[kohette.com/wpthemes/literatum/captura-de-pantalla-2014-07-30-a-las-13-54-51/index.html]
[kohette.com/wpthemes/literatum/wp-content/uploads/2014/07/1.jpg]
[kohette.com/wpthemes/literatum/sample-page/attachment/1/index.html]
[kohette.com/wpthemes/literatum/wp-json/oembed/1.0/embeda801]
[kohette.com/wpthemes/literatum/wp-content/uploads/2014/07/1-2000x1017.jpg]
[kohette.com/wpthemes/literatum/wp-json/oembed/1.0/embeddfe5.json]
[kohette.com/wpthemes/literatum/feed/indexe9e5.html]
[kohette.com/wpthemes/literatum/wp-json/oembed/1.0/embed43f5]
[kohette.com/wpthemes/literatum/wp-content/uploads/2014/08/Captura-de-pantalla-2014-07-30-a-las-13.44.13.png]
[kohette.com/wpthemes/literatum/captura-de-pantalla-2014-07-30-a-las-13-44-13/index.html]
[kohette.com/wpthemes/literatum/wp-content/uploads/2014/08/Captura-de-pantalla-2014-07-30-a-las-13.44.13-150x150.png]
[kohette.com/wpthemes/literatum/wp-json/oembed/1.0/embeda437.json]
[kohette.com/wpthemes/literatum/feed/indexf955.html]
[kohette.com/wpthemes/literatum/wp-json/oembed/1.0/embed384b]
[kohette.com/wpthemes/literatum/wp-content/uploads/2014/08/Captura-de-pantalla-2014-07-30-a-las-13.44.56.png]
[kohette.com/wpthemes/literatum/wp-content/uploads/2014/08/Captura-de-pantalla-2014-07-30-a-las-13.44.56-300x248.png]
[kohette.com/wpthemes/literatum/captura-de-pantalla-2014-07-30-a-las-13-44-56/index.html]
[kohette.com/wpthemes/literatum/wp-content/uploads/2014/08/Captura-de-pantalla-2014-07-30-a-las-13.44.56-150x150.png]
[kohette.com/wpthemes/literatum/captura-de-pantalla-2014-07-30-a-las-13-14-10/index.html]
[kohette.com/wpthemes/literatum/captura-de-pantalla-2014-07-30-a-las-13-22-04/index.html]
[kohette.com/wpthemes/literatum/captura-de-pantalla-2014-07-30-a-las-13-40-40/index.html]
[kohette.com/wpthemes/literatum/captura-de-pantalla-2014-07-30-a-las-13-21-41/index.html]
[kohette.com/wpthemes/literatum/captura-de-pantalla-2014-07-30-a-las-13-20-02/index.html]
[kohette.com/wpthemes/literatum/wp-content/uploads/2014/07/5348061775_4e15cf62d2_o-300x300.jpg]
[kohette.com/wpthemes/literatum/category/nature/index.html]
[kohette.com/wpthemes/literatum/category/interviews/feed/index.html]
[kohette.com/wpthemes/literatum/captura-de-pantalla-2014-07-30-a-las-13-21-13/index.html]
[kohette.com/wpthemes/literatum/category/interviews/index.html]
[kohette.com/wpthemes/literatum/wp-content/uploads/2014/07/5686276085_7056693245_o.jpg]
[kohette.com/wpthemes/literatum/captura-de-pantalla-2014-07-30-a-las-13-17-54/index.html]
[kohette.com/wpthemes/literatum/wp-content/uploads/2014/07/Grays_Schutmaat_Bryan021-300x240.jpg]
[kohette.com/wpthemes/literatum/category/technology/page/2/index.html]
[kohette.com/wpthemes/literatum/wp-json/oembed/1.0/embeda090.json]
[kohette.com/wpthemes/literatum/5-years-cruising-the-world-brian-trautman-crew-still-living-the-dream/feed/index.html]
[kohette.com/wpthemes/literatum/wp-json/oembed/1.0/embed02a0]
[kohette.com/wpthemes/literatum/wp-content/uploads/2014/07/IMG_4168-150x150.jpg]
[kohette.com/wpthemes/literatum/wp-content/uploads/2014/07/1544960_241565522678292_7028575_n-150x150.jpg]
[kohette.com/wpthemes/literatum/wp-content/uploads/2014/07/IMG_0534-150x150.jpg]
[kohette.com/wpthemes/literatum/5-years-cruising-the-world-brian-trautman-crew-still-living-the-dream/img_4168/index.html]
[kohette.com/wpthemes/literatum/5-years-cruising-the-world-brian-trautman-crew-still-living-the-dream/1544960_241565522678292_7028575_n/index.html]
[kohette.com/wpthemes/literatum/5-years-cruising-the-world-brian-trautman-crew-still-living-the-dream/index.html]
[kohette.com/wpthemes/literatum/5-years-cruising-the-world-brian-trautman-crew-still-living-the-dream/img_0534/index.html]
[kohette.com/wpthemes/literatum/index43b2.html]
[kohette.com/wpthemes/literatum/tag/sail/index.html]
[kohette.com/wpthemes/literatum/5-years-cruising-the-world-brian-trautman-crew-still-living-the-dream/img_2637/index.html]
[kohette.com/wpthemes/literatum/5-years-cruising-the-world-brian-trautman-crew-still-living-the-dream/p1050543/index.html]
[kohette.com/wpthemes/literatum/category/economy/index.html]
[kohette.com/wpthemes/literatum/category/economy/feed/index.html]
[kohette.com/wpthemes/literatum/category/hacking/feed/index.html]
[kohette.com/wpthemes/literatum/category/hacking/index.html]
[kohette.com/wpthemes/literatum/5-years-cruising-the-world-brian-trautman-crew-still-living-the-dream/index41b7.html]
[kohette.com/wpthemes/literatum/wp-content/uploads/2014/07/Grays_Schutmaat_Bryan0031.jpg]
[kohette.com/wpthemes/literatum/category/internet/index.html]
[kohette.com/wpthemes/literatum/tag/bitcoin/feed/index.html]
[kohette.com/wpthemes/literatum/tag/bitcoin/index.html]
[kohette.com/wpthemes/literatum/5-years-cruising-the-world-brian-trautman-crew-still-living-the-dream/index94a5.html]
[kohette.com/wpthemes/literatum/how-humans-will-respond-to-immortality-an-interview-with-philosopher-john-fischer/feed/index.html]
[kohette.com/wpthemes/literatum/wp-json/oembed/1.0/embedbc3b.json]
[kohette.com/wpthemes/literatum/the-strange-world-of-internet-role-play-has-gone-mainstream/index.html]
[kohette.com/wpthemes/literatum/how-humans-will-respond-to-immortality-an-interview-with-philosopher-john-fischer/index.html]
[kohette.com/wpthemes/literatum/wp-json/oembed/1.0/embed1f41]
[kohette.com/wpthemes/literatum/wp-json/oembed/1.0/embed3b8b]
[kohette.com/wpthemes/literatum/tag/sea/index.html]
[kohette.com/wpthemes/literatum/how-humans-will-respond-to-immortality-an-interview-with-philosopher-john-fischer/index21b4.html]
[kohette.com/wpthemes/literatum/how-humans-will-respond-to-immortality-an-interview-with-philosopher-john-fischer/index8e42.html]
[kohette.com/wpthemes/literatum/tag/sea/feed/index.html]
[kohette.com/wpthemes/literatum/how-humans-will-respond-to-immortality-an-interview-with-philosopher-john-fischer/index3094.html]
[kohette.com/wpthemes/literatum/tag/inmortality/index.html]
[kohette.com/wpthemes/literatum/meet-aubrey-de-grey-the-researcher-who-wants-to-cure-old-age/indexb993.html]
[kohette.com/wpthemes/literatum/tag/inmortality/feed/index.html]
[kohette.com/wpthemes/literatum/author/admin/feed/index.html]
[kohette.com/wpthemes/literatum/how-lasers-radar-and-local-economies-are-helping-save-world-heritage-sites/index.html]
[kohette.com/wpthemes/literatum/how-lasers-radar-and-local-economies-are-helping-save-world-heritage-sites/feed/index.html]
[kohette.com/wpthemes/literatum/tag/ocean/index.html]
[kohette.com/wpthemes/literatum/wp-json/oembed/1.0/embeded85.json]
[kohette.com/wpthemes/literatum/black-box-software-could-be-the-future-of-cryptography/feed/index.html]
[kohette.com/wpthemes/literatum/tag/lasers/index.html]
[kohette.com/wpthemes/literatum/wp-content/uploads/2014/07/Grays_Schutmaat_Bryan0031-300x240.jpg]
[kohette.com/wpthemes/literatum/black-box-software-could-be-the-future-of-cryptography/index.html]
[kohette.com/wpthemes/literatum/tag/radars/index.html]
[kohette.com/wpthemes/literatum/author/admin/page/2/index.html]
[kohette.com/wpthemes/narratium/wp-includes/fonts/dashicons2ce6.ttf]
[kohette.com/wpthemes/literatum/wp-content/themes/literatum/assets/stylesheets/angular-material.min9dff.css]
[kohette.com/wpthemes/literatum/wp-content/themes/literatum/assets/fonts/iconsbaf5.ttf]
[kohette.com/wpthemes/literatum/wp-content/themes/literatum/assets/stylesheets/template-grid9dff.css]
[kohette.com/wpthemes/literatum/i-skyped-jacques-cousteaus-grandson-on-the-bottom-of-the-ocean/feed/index.html]
[kohette.com/wpthemes/literatum/tag/jacques-cousteau/index.html]
[kohette.com/wpthemes/literatum/index4580.html]
[kohette.com/wpthemes/literatum/index153d.html]
[kohette.com/wpthemes/literatum/tag/jacques-cousteau/feed/index.html]
[kohette.com/wpthemes/literatum/tag/cold/feed/index.html]
[kohette.com/wpthemes/literatum/tag/cold/index.html]
[kohette.com/wpthemes/literatum/tag/cryptography/index.html]
[kohette.com/wpthemes/literatum/floating-utopias-for-the-age-of-rising-seas/index.html]
[kohette.com/wpthemes/literatum/index9787.html]
[kohette.com/wpthemes/literatum/category/software/index.html]
[kohette.com/wpthemes/literatum/wp-json/oembed/1.0/embedac64]
[kohette.com/wpthemes/literatum/tag/art/index.html]
[kohette.com/wpthemes/literatum/what-the-near-future-is-actually-going-to-look-like/indexc024.html]
[kohette.com/wpthemes/literatum/tag/art/feed/index.html]
[kohette.com/wpthemes/literatum/wp-content/uploads/2014/07/tumblr_n091i4Ltyw1smrv29o1_1280.jpg]
[kohette.com/wpthemes/literatum/tag/artic/index.html]
[kohette.com/wpthemes/literatum/author/shinichi-mochizuki/feed/index.html]
[kohette.com/wpthemes/literatum/wp-json/oembed/1.0/embed0700.json]
[kohette.com/wpthemes/literatum/feed/index73ef.html]
[kohette.com/wpthemes/literatum/wp-content/uploads/2014/08/Captura-de-pantalla-2014-07-30-a-las-13.54.51.png]
[kohette.com/wpthemes/literatum/tag/future/index.html]
[kohette.com/wpthemes/literatum/wp-content/uploads/2014/08/Captura-de-pantalla-2014-07-30-a-las-13.54.51-300x193.png]
[kohette.com/wpthemes/literatum/captura-de-pantalla-2014-07-30-a-las-13-54-51/index.html]
[kohette.com/wpthemes/literatum/indexe1a1.html]
[kohette.com/wpthemes/literatum/index3cee.html]
[kohette.com/wpthemes/literatum/wp-content/uploads/2014/07/1-300x152.jpg]
[kohette.com/wpthemes/literatum/index03bd.html]
[kohette.com/wpthemes/literatum/wp-content/uploads/2014/08/Captura-de-pantalla-2014-07-30-a-las-13.44.13-300x240.png]
[kohette.com/wpthemes/literatum/index548d.html]
[kohette.com/wpthemes/literatum/feed/indexd48b.html]
[kohette.com/wpthemes/literatum/wp-json/oembed/1.0/embed0e1f]
[kohette.com/wpthemes/literatum/wp-content/uploads/2014/08/Captura-de-pantalla-2014-07-30-a-las-13.14.10.png]
[kohette.com/wpthemes/literatum/wp-content/uploads/2014/08/Captura-de-pantalla-2014-07-30-a-las-13.14.10-300x227.png]
[kohette.com/wpthemes/literatum/captura-de-pantalla-2014-07-30-a-las-20-58-49/index.html]
[kohette.com/wpthemes/literatum/captura-de-pantalla-2014-07-30-a-las-13-14-10/index.html]
[kohette.com/wpthemes/literatum/feed/indexd99d.html]
[kohette.com/wpthemes/literatum/wp-json/oembed/1.0/embeda92a]
[kohette.com/wpthemes/literatum/wp-content/uploads/2014/08/Captura-de-pantalla-2014-07-30-a-las-13.22.04.png]
[kohette.com/wpthemes/literatum/captura-de-pantalla-2014-07-30-a-las-13-22-04/index.html]
[kohette.com/wpthemes/literatum/wp-json/oembed/1.0/embedf4eb.json]
[kohette.com/wpthemes/literatum/feed/index8449.html]
[kohette.com/wpthemes/literatum/wp-json/oembed/1.0/embed9ecd]
[kohette.com/wpthemes/literatum/wp-content/uploads/2014/08/Captura-de-pantalla-2014-07-30-a-las-13.40.40.png]
[kohette.com/wpthemes/literatum/wp-content/uploads/2014/08/Captura-de-pantalla-2014-07-30-a-las-13.40.40-300x254.png]
[kohette.com/wpthemes/literatum/captura-de-pantalla-2014-07-30-a-las-13-40-40/index.html]
[kohette.com/wpthemes/literatum/wp-json/oembed/1.0/embeda213.json]
[kohette.com/wpthemes/literatum/feed/indexf4ff.html]
[kohette.com/wpthemes/literatum/wp-json/oembed/1.0/embed477e]
[kohette.com/wpthemes/literatum/wp-content/uploads/2014/08/Captura-de-pantalla-2014-07-30-a-las-13.21.41.png]
[kohette.com/wpthemes/literatum/captura-de-pantalla-2014-07-30-a-las-13-21-41/index.html]
[kohette.com/wpthemes/literatum/wp-content/uploads/2014/08/Captura-de-pantalla-2014-07-30-a-las-13.21.41-300x250.png]
[kohette.com/wpthemes/literatum/wp-json/oembed/1.0/embedf239.json]
[kohette.com/wpthemes/literatum/feed/indexca84.html]
[kohette.com/wpthemes/literatum/wp-json/oembed/1.0/embed82e7]
[kohette.com/wpthemes/literatum/wp-content/uploads/2014/08/Captura-de-pantalla-2014-07-30-a-las-13.20.02.png]
[kohette.com/wpthemes/literatum/wp-content/uploads/2014/08/Captura-de-pantalla-2014-07-30-a-las-13.20.02-300x228.png]
[kohette.com/wpthemes/literatum/captura-de-pantalla-2014-07-30-a-las-13-20-02/index.html]
[kohette.com/wpthemes/literatum/wp-json/oembed/1.0/embedd15b.json]
[kohette.com/wpthemes/literatum/feed/index97ed.html]
[kohette.com/wpthemes/literatum/wp-json/oembed/1.0/embed0831]
[kohette.com/wpthemes/literatum/wp-content/uploads/2014/08/Captura-de-pantalla-2014-07-30-a-las-13.21.13.png]
[kohette.com/wpthemes/literatum/wp-content/uploads/2014/08/Captura-de-pantalla-2014-07-30-a-las-13.21.13-300x224.png]
[kohette.com/wpthemes/literatum/captura-de-pantalla-2014-07-30-a-las-13-21-13/index.html]
[kohette.com/wpthemes/literatum/wp-json/oembed/1.0/embedd745.json]
[kohette.com/wpthemes/literatum/feed/index4a0f.html]
[kohette.com/wpthemes/literatum/wp-json/oembed/1.0/embedbb64]
[kohette.com/wpthemes/literatum/wp-content/uploads/2014/08/Captura-de-pantalla-2014-07-30-a-las-13.17.54.png]
[kohette.com/wpthemes/literatum/wp-content/uploads/2014/08/Captura-de-pantalla-2014-07-30-a-las-13.17.54-300x216.png]
[kohette.com/wpthemes/literatum/captura-de-pantalla-2014-07-30-a-las-13-17-54/index.html]
[kohette.com/wpthemes/literatum/category/nature/feed/index.html]
[kohette.com/wpthemes/literatum/index4ab3.html]
[kohette.com/wpthemes/literatum/wp-json/oembed/1.0/embed2ca1.json]
[kohette.com/wpthemes/literatum/5-years-cruising-the-world-brian-trautman-crew-still-living-the-dream/img_4168/feed/index.html]
[kohette.com/wpthemes/literatum/wp-json/oembed/1.0/embed5816]
[kohette.com/wpthemes/literatum/wp-content/uploads/2014/07/IMG_4168.jpg]
[kohette.com/wpthemes/literatum/wp-content/uploads/2014/07/IMG_4168-168x300.jpg]
[kohette.com/wpthemes/literatum/5-years-cruising-the-world-brian-trautman-crew-still-living-the-dream/img_4168/index.html]
[kohette.com/wpthemes/literatum/5-years-cruising-the-world-brian-trautman-crew-still-living-the-dream/1544960_241565522678292_7028575_n/feed/index.html]
[kohette.com/wpthemes/literatum/wp-json/oembed/1.0/embed08ad]
[kohette.com/wpthemes/literatum/wp-content/uploads/2014/07/1544960_241565522678292_7028575_n.jpg]
[kohette.com/wpthemes/literatum/wp-content/uploads/2014/07/1544960_241565522678292_7028575_n-300x225.jpg]
[kohette.com/wpthemes/literatum/5-years-cruising-the-world-brian-trautman-crew-still-living-the-dream/1544960_241565522678292_7028575_n/index.html]
[kohette.com/wpthemes/literatum/wp-json/oembed/1.0/embed1586.json]
[kohette.com/wpthemes/literatum/5-years-cruising-the-world-brian-trautman-crew-still-living-the-dream/img_0534/feed/index.html]
[kohette.com/wpthemes/literatum/wp-content/uploads/2014/07/IMG_0534.jpg]
[kohette.com/wpthemes/literatum/wp-content/uploads/2014/07/IMG_0534-300x225.jpg]
[kohette.com/wpthemes/literatum/5-years-cruising-the-world-brian-trautman-crew-still-living-the-dream/img_0534/index.html]
[kohette.com/wpthemes/literatum/wp-json/oembed/1.0/embed4087.json]
[kohette.com/wpthemes/literatum/wp-json/oembed/1.0/embedc08e]
[kohette.com/wpthemes/literatum/wp-content/uploads/2014/07/IMG_2637.jpg]
[kohette.com/wpthemes/literatum/wp-content/uploads/2014/07/IMG_2637-300x168.jpg]
[kohette.com/wpthemes/literatum/5-years-cruising-the-world-brian-trautman-crew-still-living-the-dream/img_2637/index.html]
[kohette.com/wpthemes/literatum/wp-content/uploads/2014/07/IMG_2637-150x150.jpg]
[kohette.com/wpthemes/literatum/wp-json/oembed/1.0/embedc800.json]
[kohette.com/wpthemes/literatum/wp-json/oembed/1.0/embed2c65]
[kohette.com/wpthemes/literatum/wp-content/uploads/2014/07/P1050543-225x300.jpg]
[kohette.com/wpthemes/literatum/5-years-cruising-the-world-brian-trautman-crew-still-living-the-dream/p1050543/index.html]
[kohette.com/wpthemes/literatum/wp-content/uploads/2014/07/P1050543-150x150.jpg]
[kohette.com/wpthemes/literatum/tag/sail/feed/index.html]
[kohette.com/wpthemes/literatum/tag/sail/index.html]
[kohette.com/wpthemes/literatum/5-years-cruising-the-world-brian-trautman-crew-still-living-the-dream/index41b7.html]
[kohette.com/wpthemes/literatum/5-years-cruising-the-world-brian-trautman-crew-still-living-the-dream/index94a5.html]
[kohette.com/wpthemes/literatum/wp-json/oembed/1.0/embed5476.json]
[kohette.com/wpthemes/literatum/the-strange-world-of-internet-role-play-has-gone-mainstream/feed/index.html]
[kohette.com/wpthemes/literatum/wp-content/uploads/2014/07/1405635290409778.png]
[kohette.com/wpthemes/literatum/the-strange-world-of-internet-role-play-has-gone-mainstream/index.html]
[kohette.com/wpthemes/literatum/5-years-cruising-the-world-brian-trautman-crew-still-living-the-dream/index267f.html]
[kohette.com/wpthemes/literatum/tag/games/index.html]
[kohette.com/wpthemes/literatum/indexe8f5.html]
[kohette.com/wpthemes/literatum/wp-content/uploads/2014/07/6CE-300x300.jpg]
[kohette.com/wpthemes/literatum/category/uncategorized/index.html]
[kohette.com/wpthemes/literatum/how-humans-will-respond-to-immortality-an-interview-with-philosopher-john-fischer/index21b4.html]
[kohette.com/wpthemes/literatum/how-humans-will-respond-to-immortality-an-interview-with-philosopher-john-fischer/index3094.html]
[kohette.com/wpthemes/literatum/how-humans-will-respond-to-immortality-an-interview-with-philosopher-john-fischer/index8e42.html]
[kohette.com/wpthemes/literatum/indexa09e.html]
[kohette.com/wpthemes/literatum/tag/ocean/feed/index.html]
[kohette.com/wpthemes/literatum/tag/rol/index.html]
[kohette.com/wpthemes/literatum/tag/ocean/index.html]
[kohette.com/wpthemes/literatum/index8820.html]
[kohette.com/wpthemes/literatum/indexfbd5.html]
[kohette.com/wpthemes/literatum/wp-json/oembed/1.0/embed5140]
[kohette.com/wpthemes/literatum/wp-json/oembed/1.0/embed9dd7]
[kohette.com/wpthemes/literatum/tag/lasers/feed/index.html]
[kohette.com/wpthemes/literatum/tag/life/index.html]
[kohette.com/wpthemes/literatum/tag/lasers/index.html]
[kohette.com/wpthemes/literatum/tag/radars/index.html]
[kohette.com/wpthemes/literatum/index0345.html]
[kohette.com/wpthemes/literatum/tag/radars/feed/index.html]
[kohette.com/wpthemes/literatum/wp-json/oembed/1.0/embed64ce]
[kohette.com/wpthemes/literatum/tag/cryptography/feed/index.html]
[kohette.com/wpthemes/literatum/tag/cryptography/index.html]
[kohette.com/wpthemes/literatum/wp-content/themes/literatum/theme-features/site-ajax-animations/src/js/svgLoader9dff.js]
[kohette.com/wpthemes/literatum/wp-content/themes/literatum/assets/stylesheets/template-grid9dff.css]
[kohette.com/wpthemes/literatum/index17d5.html]
[kohette.com/wpthemes/literatum/tag/artic/index.html]
[kohette.com/wpthemes/literatum/floating-utopias-for-the-age-of-rising-seas/feed/index.html]
[kohette.com/wpthemes/literatum/index8ed7.html]
[kohette.com/wpthemes/literatum/tag/future/index.html]
[kohette.com/wpthemes/literatum/wp-includes/js/dist/vendor/wp-polyfill-fetch.min6e0e.js]
[kohette.com/wpthemes/literatum/indexc544.html]
[kohette.com/wpthemes/literatum/category/software/feed/index.html]
[kohette.com/wpthemes/literatum/tag/future/feed/index.html]
[kohette.com/wpthemes/literatum/how-humans-will-respond-to-immortality-an-interview-with-philosopher-john-fischer/index0e22.html]
[kohette.com/wpthemes/literatum/feed/index9f8a.html]
[kohette.com/wpthemes/literatum/feed/indexd1dd.html]
[kohette.com/wpthemes/literatum/wp-json/oembed/1.0/embed18e3.json]
[kohette.com/wpthemes/literatum/wp-json/oembed/1.0/embedd042]
[kohette.com/wpthemes/literatum/wp-content/uploads/2014/08/Captura-de-pantalla-2014-07-30-a-las-20.58.49.png]
[kohette.com/wpthemes/literatum/captura-de-pantalla-2014-07-30-a-las-20-58-49/index.html]
[kohette.com/wpthemes/literatum/index4978.html]
[kohette.com/wpthemes/literatum/indexc807.html]
[kohette.com/wpthemes/literatum/index0c93.html]
[kohette.com/wpthemes/literatum/index1a93.html]
[kohette.com/wpthemes/literatum/index8cf0.html]
[kohette.com/wpthemes/literatum/indexcf9a.html]
[kohette.com/wpthemes/literatum/index88a0.html]
[kohette.com/wpthemes/literatum/wp-content/uploads/2014/08/Captura-de-pantalla-2014-07-30-a-las-13.22.04-300x250.png]
[kohette.com/wpthemes/literatum/wp-json/oembed/1.0/embed1076]
[kohette.com/wpthemes/literatum/wp-content/uploads/2014/07/Grays_Schutmaat_Bryan021.jpg]
[kohette.com/wpthemes/literatum/index2fa7.html]
[kohette.com/wpthemes/literatum/indexb4d2.html]
[kohette.com/wpthemes/literatum/wp-json/oembed/1.0/embed8a31]
[kohette.com/wpthemes/literatum/indexee5b.html]
[kohette.com/wpthemes/literatum/wp-json/oembed/1.0/embed23dd]
[kohette.com/wpthemes/literatum/5-years-cruising-the-world-brian-trautman-crew-still-living-the-dream/img_2637/feed/index.html]
[kohette.com/wpthemes/literatum/index421d.html]
[kohette.com/wpthemes/literatum/5-years-cruising-the-world-brian-trautman-crew-still-living-the-dream/p1050543/feed/index.html]
[kohette.com/wpthemes/literatum/indexbe3b.html]
[kohette.com/wpthemes/literatum/5-years-cruising-the-world-brian-trautman-crew-still-living-the-dream/index267f.html]
[kohette.com/wpthemes/literatum/category/internet/feed/index.html]
[kohette.com/wpthemes/literatum/wp-json/oembed/1.0/embed886a]
[kohette.com/wpthemes/literatum/category/uncategorized/feed/index.html]
[kohette.com/wpthemes/literatum/category/uncategorized/index.html]
[kohette.com/wpthemes/literatum/tag/games/index.html]
[kohette.com/wpthemes/literatum/tag/rol/feed/index.html]
[kohette.com/wpthemes/literatum/tag/rol/index.html]
[kohette.com/wpthemes/literatum/tag/life/index.html]
[kohette.com/wpthemes/literatum/how-humans-will-respond-to-immortality-an-interview-with-philosopher-john-fischer/index0e22.html]
[kohette.com/wpthemes/literatum/tag/life/feed/index.html]
[kohette.com/wpthemes/literatum/wp-json/oembed/1.0/embed0e85]
[kohette.com/wpthemes/literatum/wp-json/oembed/1.0/embedbff0]
[kohette.com/wpthemes/literatum/index8e1b.html]
[kohette.com/wpthemes/literatum/wp-content/uploads/2014/08/Captura-de-pantalla-2014-07-30-a-las-20.58.49-300x243.png]
[kohette.com/wpthemes/literatum/wp-content/uploads/2014/07/P1050543.jpg]
[kohette.com/wpthemes/literatum/tag/games/feed/index.html]
[kohette.com/wpthemes/literatum/wp-json/oembed/1.0/embed463a]
[kohette.com/wpthemes/literatum/tag/artic/feed/index.html]
[kohette.com/wpthemes/literatum/index2df4.html]
